00000165 A num_got_entries
bc000000 T _start
bc000400 t reset
bc000684 t CPLL_READY
bc0006e8 t CPLL_DONE
bc000728 t LDO_1P8V
bc000740 t LDO_2P5V
bc000754 t DDRLDO_SOFT_START
bc000774 t LDO_DELAY
bc000798 t SET_RG_BUCK_FPWM
bc0007ac t DDR_PAD_CFG
bc00083c t MT7628_KN_PAD
bc000860 t MT7628_AN_DDR1_PAD
bc0008a4 t MT7628_AN_DDR2_PAD
bc0008d0 t SET_PAD_CFG
bc000948 t DDR_READY
bc000b0c t SDRAM_INIT_DOWN
bc000b14 t tRFCinit
bc000b98 T relocate_code
bc000bfc t in_ram
bc000c5c t romReserved
bc000c60 t romExcHandle
bc000c64 T init_cpu_pll
bc000dbc t CPLL_EXIT
bc000dc0 T SDR_CFG0_TBL
bc000de0 T SDR_CFG1_TBL
bc000e00 T DDR1_CFG0_TBL
bc000e28 T DDR1_CFG1_TBL
bc000e50 t DDR1_CFG2_TBL
bc000e78 t DDR1_CFG3_TBL
bc000ea0 t DDR1_CFG4_TBL
bc000ec8 T DDR2_CFG0_TBL
bc000ee8 T DDR2_CFG1_TBL
bc000f08 t DDR2_CFG2_TBL
bc000f28 t DDR2_CFG3_TBL
bc000f48 t DDR2_CFG4_TBL
bc000f68 T lock_dcache
bc000fc4 T unlock_dcache
bc001004 T fill_icache
bc001040 T sbrk
bc001090 T board_init_f
bc001368 T OperationSelect
bc001428 T tftp_config
bc0018fc T trigger_hw_reset
bc001904 T smart7688_led_blink
bc001960 T config_usb_ehciohci
bc001998 T disable_pcie
bc0019d0 T board_init_r
bc00338c T hang
bc0033bc T rw_rf_reg
bc0034b8 T do_rw_rf
bc0035f8 T dram_cali
bc003dc0 t mips_count_get
bc003dc8 T timer_init
bc003ddc T get_timer
bc003e20 T udelay
bc003eb0 T mdelay
bc003f00 T NetSetEther
bc003f80 T ArpRequest
bc0040ec t startAgainTimeout
bc004108 t startAgainHandler
bc004110 T NetSetTimeout
bc004174 T NetSetHandler
bc00418c T NetStartAgain
bc004280 T ArpTimeoutCheck
bc004350 T NetSendPacket
bc004368 T NetCksum
bc0043b0 T NetSetIP
bc004524 T NetSendUDPPacket
bc0046f0 T NetCksumOk
bc004730 T NetReceive
bc004d2c T NetEthHdrSize
bc004d34 T copy_filename
bc004da8 T ip_to_string
bc004e28 T string_to_ip
bc004eec T getenv_IPaddr
bc004f28 T NetLoop
bc0053d4 T print_IPaddr
bc005420 T TftpSend
bc005640 t TftpHandler
bc0059f0 t TftpTimeout
bc005a84 T TftpStart
bc005d30 T eth_parse_enetaddr
bc005dd0 T eth_register
bc005e3c T eth_initialize
bc00607c T eth_try_another
bc0060b4 T eth_init
bc006164 T eth_halt
bc0061bc T eth_send
bc0061f4 T eth_rx
bc006230 T START_ETH
bc006290 T STOP_ETH
bc0062f8 T rt2880_free_buf_entry_dequeue
bc00632c t rt2880_free_buf_entry_enqueue
bc0063ac T rt2880_eth_initialize
bc0065fc T LANWANPartition
bc006604 T isDMABusy
bc006674 t rt2880_eth_init
bc006990 T mt7628_ephy_init
bc006c4c T rt305x_esw_init
bc006da0 t rt2880_eth_send
bc006fa0 t rt2880_eth_recv
bc00718c T rt2880_eth_halt
bc0071a4 t delete_char
bc0072fc T readline
bc0075e0 T input_value
bc007670 T enable_mdio
bc007678 T mii_mgr_read
bc0077c4 T mii_mgr_write
bc00790c T dump_phy_reg
bc007ac0 T rt2880_mdio_access
bc007f70 t bbu_spic_busy_wait
bc008004 T spic_init
bc00800c t bbu_mb_spic_trans
bc008350 t bbu_spic_trans
bc008690 t raspi_read_rg
bc0086e0 t raspi_read_sr
bc008700 t raspi_write_rg
bc008754 t raspi_write_sr
bc008774 t raspi_read_devid
bc008810 t raspi_wait_ready
bc008914 t raspi_4byte_mode
bc008ad4 T chip_prob
bc008c14 T raspi_init
bc008c5c T raspi_erase
bc008e7c T raspi_read
bc009000 T raspi_write
bc00934c T raspi_erase_write
bc00973c T do_mem_cp
bc009868 T do_flerase
bc009b5c T ralink_spi_command
bc00a4c0 T run_command
bc00a9c4 T main_loop
bc00aad0 T do_go
bc00abb0 T print_image_hdr
bc00af64 T do_bootm
bc00b570 T send_pad
bc00b5c8 T ktrans
bc00b604 T chk1
bc00b63c T s1_sendpacket
bc00b69c T send_ack
bc00b728 T send_nack
bc00b7b4 t bin_data_init
bc00b7e4 t bin_data_char
bc00b830 T k_data_init
bc00b850 T k_data_save
bc00b8a0 T k_data_restore
bc00b8f0 T k_data_char
bc00b994 T handle_send_packet
bc00bbf4 T do_load_serial_bin
bc00c240 T do_tftpb
bc00c670 T cmd_get_data_size
bc00c728 T do_mem_md
bc00c9f8 T do_mem_base
bc00ca64 T do_mem_loop
bc00cbec t mod_mem
bc00cdf8 T do_mem_nm
bc00ce40 T do_mem_mm
bc00ce88 T do_mem_crc
bc00d060 t envmatch
bc00d104 T do_printenv
bc00d374 T _do_setenv
bc00da64 T setenv
bc00dab8 T do_setenv
bc00db2c T getenv
bc00dc04 T do_saveenv
bc00dc60 T do_version
bc00dca0 T find_cmd
bc00ddc0 T do_help
bc00e050 t console_setfile
bc00e138 T serial_printf
bc00e190 T fgetc
bc00e1c8 T ftstc
bc00e200 T fputc
bc00e244 T fputs
bc00e284 T fprintf
bc00e2e4 T getc
bc00e324 T tstc
bc00e364 T putc
bc00e3ac T puts
bc00e3ec T printf
bc00e444 T vprintf
bc00e490 T ctrlc
bc00e514 T disable_ctrlc
bc00e530 T had_ctrlc
bc00e548 T clear_ctrlc
bc00e560 T dbg
bc00e570 T console_assign
bc00e68c T console_init_f
bc00e69c T console_init_r
bc00e810 T device_register
bc00e854 T devices_init
bc00e950 T devices_done
bc00e990 T malloc_bin_reloc
bc00e9d0 t do_check_chunk
bc00e9d8 t do_check_free_chunk
bc00e9e0 t do_check_inuse_chunk
bc00e9e8 t do_check_malloced_chunk
bc00e9f0 T malloc_trim
bc00eb18 T free
bc00ed8c T malloc
bc00f4d8 T realloc
bc00fa4c T memalign
bc00fbe4 T valloc
bc00fc00 T pvalloc
bc00fc24 T calloc
bc00fd38 T cfree
bc00fd50 T malloc_usable_size
bc00fda8 T mallopt
bc00fe40 T env_crc_update
bc00fe90 t env_get_char_init
bc00fedc T env_get_char_memory
bc00ff10 T env_get_addr
bc00ff40 T env_relocate
bc010030 t dummy
bc010038 T get_version
bc010040 T jumptable_init
bc0100e0 T NewHandle
bc01018c T DisposeHandle
bc0101e8 T GetHandleSize
bc0101f0 T SetHandleSize
bc0102b8 T ListCreate
bc010328 T ListDispose
bc010340 T ListInsertItems
bc01058c T ListInsertItem
bc0105a4 T ListGetPtrToItem
bc0105e4 T ListNumItems
bc0105f0 T usb_get_class_desc
bc0106f0 T usb_display_class_sub
bc01095c T usb_display_string
bc0109b4 T usb_display_desc
bc010b64 T usb_display_conf_desc
bc010c6c T usb_display_if_desc
bc010d78 T usb_display_ep_desc
bc010eb8 T usb_display_config
bc010fa0 T usb_show_tree_graph
bc01128c T usb_show_tree
bc0112e8 T do_usbboot
bc0118bc T do_usb
bc012020 T get_dev
bc01207c T do_fat_fsload
bc01229c T do_fat_ls
bc012438 T do_fat_fsinfo
bc012590 T env_get_char_spec
bc0125a0 T env_init
bc0125c4 T spi_env_init
bc012690 T saveenv
bc0127ec T env_relocate_spec
bc012820 T wait_ms
bc012870 T usb_hub_reset
bc012888 T usb_alloc_new_device
bc012964 T usb_stop
bc0129a8 T usb_disable_asynch
bc0129c8 T usb_submit_int_msg
bc0129e0 T usb_control_msg
bc012b44 T usb_bulk_msg
bc012c04 T usb_maxpacket
bc012c34 T usb_set_maxpacket
bc012d3c T usb_parse_config
bc012ee4 T usb_clear_halt
bc012fd0 T usb_get_descriptor
bc01305c T usb_get_configuration_no
bc013180 T usb_set_address
bc0131e4 T usb_set_interface
bc0132e8 T usb_set_configuration
bc013384 T usb_set_protocol
bc013400 T usb_set_idle
bc013484 T usb_get_report
bc013518 T usb_get_class_descriptor
bc0135ac T usb_get_string
bc01368c t usb_string_sub
bc013824 T usb_string
bc013988 T usb_get_dev_index
bc0139c4 T usb_free_device
bc013a60 T usb_hub_reset_devices
bc013a68 t usb_get_hub_descriptor
bc013ae8 t usb_clear_port_feature
bc013b64 t usb_set_port_feature
bc013be0 t usb_get_port_status
bc013c60 T hub_port_reset
bc013dbc t usb_hub_power_on
bc013ee8 T usb_hub_probe
bc0143dc T usb_new_device
bc0147c0 T usb_hub_port_connect_change
bc0149b8 T usb_init
bc014b70 T usb_stor_get_dev
bc014ba0 T usb_show_progress
bc014c10 T usb_stor_info
bc014ccc t usb_stor_irq
bc014ce8 T usb_storage_probe
bc014f84 t usb_stor_BBB_reset
bc0150ec t usb_stor_CB_reset
bc015240 T usb_stor_CB_comdat
bc015538 T usb_stor_CBI_get_status
bc015660 T usb_stor_BBB_clear_endpt_stall
bc0156dc t usb_stor_BBB_transport
bc015a6c T usb_stor_CB_transport
bc015cf8 t usb_request_sense
bc015da0 t usb_test_unit_ready
bc015e68 T usb_stor_read
bc016134 T usb_stor_get_info
bc016474 T usb_stor_scan
bc0166b0 T crc32
bc0168d0 T display_options
bc016910 T print_size
bc016a20 T strchr
bc016a5c T strlen
bc016a80 T strrchr
bc016af8 T strnlen
bc016b34 T memset
bc016b60 T memcpy
bc016b90 T memmove
bc016c0c T memcmp
bc016c40 T simple_strtoul
bc016d34 T simple_strtol
bc016d84 t skip_atoi
bc016de4 t number
bc017058 T vsprintf
bc0175b4 T sprintf
bc0175f0 T panic
bc017670 T RangeDecoderReadByte
bc0176a4 T RangeDecoderInit
bc01772c T RangeDecoderDecodeDirectBits
bc0177e8 T RangeDecoderBitDecode
bc0178fc T RangeDecoderBitTreeDecode
bc017990 T RangeDecoderReverseBitTreeDecode
bc017a34 T LzmaLiteralDecode
bc017aa4 T LzmaLiteralDecodeMatch
bc017b7c T LzmaLenDecode
bc017c68 T LzmaDecode
bc0180dc T lzmaBuffToBuffDecompress
bc0182f0 T get_ram_size
bc018424 T initdram
bc018460 T checkboard
bc0184a0 T serial_setbrg
bc01851c T serial_init
bc018554 T serial_putc
bc0185a8 T serial_tstc
bc0185bc T serial_getc
bc0185e0 T serial_puts
bc018640 T do_reset
bc018658 T flush_cache
bc0186f4 T flush_dcache_range
bc018734 T invalidate_dcache_range
bc018780 t linux_env_set
bc0188a8 T do_bootm_linux
bc019090 t PhyWriteField32
bc0190b8 t handshake
bc019144 t ehci_free
bc01914c t ehci_alloc
bc0191f4 t ehci_td_buffer
bc019290 t ehci_submit_async
bc019828 T ehci_submit_root
bc019ed4 T usb_lowlevel_stop
bc019eec T usb_lowlevel_init
bc01a48c T submit_bulk_msg
bc01a4dc T submit_control_msg
bc01a53c T submit_int_msg
bc01a550 T leave_power_saving
bc01a588 T ehci_hcd_init
bc01a670 T ehci_hcd_stop
bc01a680 t downcase
bc01a6b0 t disk_read
bc01a6fc T fat_register_device
bc01a8e8 t dirdelim
bc01a934 t get_name
bc01aa64 t get_fatent
bc01acd0 t get_cluster
bc01ae6c t slot2str
bc01af30 t get_vfatname
bc01b198 t mkcksum
bc01b1d8 t read_bootsectandvi
bc01b3d8 T do_fat_read
bc01c0e8 T file_fat_detectfs
bc01c270 T file_fat_ls
bc01c290 T file_fat_read
bc01c310 T dev_print
bc01c554 T init_part
bc01c59c T get_partition_info
bc01c5ec T print_part
bc01c700 T test_part_dos
bc01c788 t print_partition_extended
bc01ca94 t get_partition_info_extended
bc01ce28 T print_part_dos
bc01ce84 T get_partition_info_dos
bc01ced0 R version_string
bc01cf60 r __func__.2
bc01cf74 r __func__.8
bc01cf88 r __func__.1
bc01cfb4 r __func__.4
bc01cfc4 r __func__.3
bc01cfd4 r __func__.0
bc01cfe8 r __func__.9
bc01cffc r __func__.10
bc01d010 r __func__.6
bc01d020 r __func__.11
bc01d02c r __func__.7
bc01d038 r __func__.5
bc01d110 r baudrate_table
bc01d150 r __func__.0
bc01d170 r p.0
bc021ed0 D flash_base
bc021ee0 D NetBcastAddr
bc021ef0 d tab_seq
bc021efc d erase_seq
bc021f00 D stm_opcodes
bc021f40 D load_addr
bc021f50 D dp_last_length
bc021f60 d mmap_threshold
bc021f64 d trim_threshold
bc021f68 d sbrk_base
bc021f70 D default_environment
bc021fe0 D usb_stor_curr_dev
bc021ff0 d flash_addr
bc022000 D us_direction
bc022020 d crc_table_empty
bc022030 D _ctype
bc022130 D descriptor
bc022170 d chips_data
bc022500 D stdio_names
bc02250c d av_
bc022914 D env_get_char
bc022918 D env_name_spec
bc022920 A _gp
bc022920 D _GLOBAL_OFFSET_TABLE_
bc022920 D __got_start
bc022eb4 A __u_boot_cmd_start
bc022eb4 D __got_end
bc022eb4 D __u_boot_cmd_rf
bc022ecc D __u_boot_cmd_mdio
bc022ee4 D __u_boot_cmd_spi
bc022efc D __u_boot_cmd_erase
bc022f14 D __u_boot_cmd_cp
bc022f2c D __u_boot_cmd_reset
bc022f44 D __u_boot_cmd_go
bc022f5c D __u_boot_cmd_bootm
bc022f74 D __u_boot_cmd_loadb
bc022f8c D __u_boot_cmd_tftpboot
bc022fa4 D __u_boot_cmd_crc32
bc022fbc D __u_boot_cmd_nm
bc022fd4 D __u_boot_cmd_mm
bc022fec D __u_boot_cmd_md
bc023004 D __u_boot_cmd_saveenv
bc02301c D __u_boot_cmd_setenv
bc023034 D __u_boot_cmd_printenv
bc02304c D __u_boot_cmd_question_mark
bc023064 D __u_boot_cmd_help
bc02307c D __u_boot_cmd_version
bc023094 D __u_boot_cmd_usbboot
bc0230ac D __u_boot_cmd_usb
bc0230c4 D __u_boot_cmd_fatinfo
bc0230dc D __u_boot_cmd_fatls
bc0230f4 D __u_boot_cmd_fatload
bc02310c A __u_boot_cmd_end
bc02310c A uboot_end_data
bc023120 B modifies
bc023124 b mem_malloc_start
bc023128 b mem_malloc_end
bc02312c b mem_malloc_brk
bc023130 b file_name_space
bc0231b0 b smart7688_led_state
bc0231c0 B NetTxPacket
bc0231c4 B NetEtherNullAddr
bc0231cc B NetServerEther
bc0231d2 B NetBootFileSize
bc0231d4 B NetOurRootPath
bc023214 B NetOurHostName
bc023234 B NetOurNISDomain
bc023254 B NetOurDNSIP
bc023258 B NetOurGatewayIP
bc02325c B NetOurSubnetMask
bc023260 b packetHandler
bc023264 b timeHandler
bc023268 b timeStart
bc02326c b timeDelta
bc023270 b TftpServerPort
bc023274 b TftpOurPort
bc023278 b TftpTimeoutCount
bc02327c b TftpBlock
bc023280 b TftpLastBlock
bc023284 b TftpBlockWrap
bc023288 b TftpBlockWrapOffset
bc02328c b TftpState
bc023290 b default_filename
bc0232a0 b tftp_filename
bc0232b0 b first_failed.0
bc0232b4 b eth_devices
bc0232b8 b eth_current
bc0232c0 b rt2880_free_buf
bc0235a0 b tx_ring0_cache
bc023720 b rx_ring_cache
bc0238a0 b rx_dma_owner_idx0
bc0238a4 b rx_wants_alloc_idx0
bc0238a8 b tx_cpu_owner_idx0
bc0238ac b rx_ring
bc0238b0 b tx_ring0
bc0238b4 b rxRingSize
bc0238b5 b txRingSize
bc0238b8 b rt2880_eth_initd
bc0238bc b PKT_HEADER_Buf_Pool
bc03a100 B spi_chip_info
bc03a110 b lastcommand.0
bc03a210 b a_b
bc03a228 b os_data_state
bc03a22c b os_data_state_saved
bc03a230 b os_data_count_saved
bc03a234 b os_data_addr
bc03a238 b os_data_addr_saved
bc03a23c b bin_start_address
bc03a240 b k_data_escape
bc03a244 b k_data_escape_saved
bc03a250 b base_address
bc03a260 b ctrlc_was_pressed
bc03a264 b ctrlc_disabled
bc03a270 B stdio_devices
bc03a27c B devlist
bc03a280 b n_mmaps_max
bc03a284 b top_pad
bc03a288 b current_mallinfo
bc03a2b0 b max_total_mem
bc03a2b4 b mmapped_mem
bc03a2b8 b max_sbrked_mem
bc03a2c0 b usb_dev
bc04cec0 b dev_index
bc04cec4 b running
bc04cec8 b asynch_allowed
bc04cecc b setup_packet
bc04ced4 b hub_dev
bc04cfd4 b usb_hub_index
bc04cfe0 b CBWTag
bc04cfe4 b usb_max_devs
bc04cfe8 b usb_stor_buf
bc04d1e8 b usb_ccb
bc04d278 b usb_dev_desc
bc04d46c b usb_stor
bc04d570 b counter
bc04d580 b crc_table
bc04d980 b linux_argc
bc04d984 b linux_argv
bc04d988 b linux_env
bc04d98c b linux_env_p
bc04d990 b linux_env_idx
bc04d9a0 B qh_list
bc04d9a4 B slewrate_cal_flag
bc04d9a8 B phy_init_flag
bc04d9ac b ntds.0
bc04d9b0 b cur_dev
bc04d9b4 b cur_part_nr
bc04d9b8 b cur_part_info
bc04da10 B gd_data
bc04da34 B Pkt_Buf_Pool
bc064e74 B NetRxPackets
bc064f64 B BootFile
bc064fe4 B NetArpWaitPacketBuf
bc065624 B console_buffer
bc065724 B console_history
bc066124 B header
bc066164 B os_data_header
bc066184 B send_parms
bc0661a0 B alloc_qh
bc0661e0 B alloc_td
bc066240 B qh_list_global
bc066280 B get_dentfromdir_block_buf
bc076280 B get_vfatname_block
bc086280 B do_fat_read_block_buf
bc096280 A uboot_end
bc096280 C monitor_flash_len
bc096284 C mips_bus_feq
bc096288 C mips_cpu_feq
bc09628c C NetArpWaitTry
bc096290 C NetArpWaitPacketMAC
bc096294 C NetOurEther
bc09629c C NetOurIP
bc0962a0 C NetServerIP
bc0962a4 C NetArpWaitTxPacketSize
bc0962a8 C NetArpWaitReplyIP
bc0962ac C NetArpWaitTxPacket
bc0962b0 C NetArpWaitPacketIP
bc0962b4 C NetState
bc0962b8 C NetIPID
bc0962bc C NetRxPkt
bc0962c0 C NetRxPktLen
bc0962c4 C NetBootFileXferSize
bc0962c8 C PktBuf
bc0962cc C NetArpWaitTimerStart
bc0962d0 C TftpStarted
bc0962d4 C rt2880_free_buf_list
bc0962dc C PKT_HEADER_Buf
bc0962e0 C rt2880_pdev
bc0962e4 C rt2880_busing_buf_list
bc0962ec C his_pad_char
bc0962f0 C os_data_count
bc0962f4 C os_data_init
bc0962f8 C send_ptr
bc0962fc C os_data_char
bc096300 C his_eol
bc096301 C his_quote
bc096304 C his_pad_count
bc096308 C dp_last_size
bc09630c C dp_last_addr
bc096310 C mm_last_size
bc096314 C mm_last_addr
bc096318 C env_ptr
bc09631c C ___strtok
bc096320 C portreset
bc096324 C rootdev
bc096328 C hccr
bc09632c C hcor
