Archive member included because of file (symbol)

lib_mips/libmips.a(board.o)   (__u_boot_cmd_rf)
lib_mips/libmips.a(time.o)    lib_mips/libmips.a(board.o) (timer_init)
net/libnet.a(net.o)           lib_mips/libmips.a(board.o) (copy_filename)
net/libnet.a(tftp.o)          net/libnet.a(net.o) (TftpSend)
net/libnet.a(eth.o)           lib_mips/libmips.a(board.o) (eth_initialize)
drivers/libdrivers.a(rt2880_eth.o)
                              net/libnet.a(net.o) (rt2880_free_buf_entry_dequeue)
drivers/libdrivers.a(mii_mgr.o)
                              (__u_boot_cmd_mdio)
drivers/libdrivers.a(spi_rt6855A_flash.o)
                              (__u_boot_cmd_spi)
common/libcommon.a(main.o)    lib_mips/libmips.a(board.o) (main_loop)
common/libcommon.a(cmd_boot.o)
                              (__u_boot_cmd_reset)
common/libcommon.a(cmd_bootm.o)
                              (__u_boot_cmd_bootm)
common/libcommon.a(cmd_load.o)
                              (__u_boot_cmd_loadb)
common/libcommon.a(cmd_net.o)
                              (__u_boot_cmd_tftpboot)
common/libcommon.a(cmd_mem.o)
                              (__u_boot_cmd_crc32)
common/libcommon.a(cmd_nvedit.o)
                              (__u_boot_cmd_saveenv)
common/libcommon.a(command.o)
                              (__u_boot_cmd_question_mark)
common/libcommon.a(console.o)
                              lib_mips/libmips.a(board.o) (printf)
common/libcommon.a(devices.o)
                              common/libcommon.a(console.o) (stdio_names)
common/libcommon.a(dlmalloc.o)
                              lib_mips/libmips.a(board.o) (malloc_bin_reloc)
common/libcommon.a(env_common.o)
                              common/libcommon.a(cmd_nvedit.o) (env_get_char)
common/libcommon.a(exports.o)
                              lib_mips/libmips.a(board.o) (jumptable_init)
common/libcommon.a(lists.o)   common/libcommon.a(devices.o) (ListCreate)
common/libcommon.a(cmd_usb.o)
                              (__u_boot_cmd_usbboot)
common/libcommon.a(cmd_fat.o)
                              (__u_boot_cmd_fatinfo)
common/libcommon.a(env_spi.o)
                              lib_mips/libmips.a(board.o) (env_name_spec)
common/libcommon.a(usb.o)     common/libcommon.a(cmd_usb.o) (usb_stop)
common/libcommon.a(usb_storage.o)
                              common/libcommon.a(cmd_usb.o) (usb_stor_get_dev)
lib_generic/libgeneric.a(crc32.o)
                              common/libcommon.a(cmd_bootm.o) (crc32)
lib_generic/libgeneric.a(ctype.o)
                              common/libcommon.a(usb.o) (_ctype)
lib_generic/libgeneric.a(display_options.o)
                              lib_mips/libmips.a(board.o) (print_size)
lib_generic/libgeneric.a(string.o)
                              lib_mips/libmips.a(board.o) (strchr)
lib_generic/libgeneric.a(vsprintf.o)
                              lib_mips/libmips.a(board.o) (simple_strtoul)
lib_generic/libgeneric.a(LzmaDecode.o)
                              common/libcommon.a(cmd_bootm.o) (lzmaBuffToBuffDecompress)
board/rt2880/librt2880.a(rt2880.o)
                              lib_mips/libmips.a(board.o) (initdram)
board/rt2880/librt2880.a(serial.o)
                              common/libcommon.a(cmd_load.o) (serial_setbrg)
cpu/ralink_soc/libralink_soc.a(cpu.o)
                              lib_mips/libmips.a(board.o) (do_reset)
lib_mips/libmips.a(mips_linux.o)
                              common/libcommon.a(cmd_bootm.o) (do_bootm_linux)
drivers/libdrivers.a(ehci-hcd.o)
                              common/libcommon.a(usb.o) (usb_lowlevel_stop)
drivers/libdrivers.a(ehci-ra.o)
                              drivers/libdrivers.a(ehci-hcd.o) (ehci_hcd_init)
fs/fat/libfat.a(fat.o)        common/libcommon.a(cmd_fat.o) (fat_register_device)
disk/libdisk.a(part.o)        common/libcommon.a(cmd_usb.o) (dev_print)
disk/libdisk.a(part_dos.o)    disk/libdisk.a(part.o) (test_part_dos)

Allocating common symbols
Common symbol       size              file

dp_last_size        0x4               common/libcommon.a(cmd_mem.o)
console_buffer      0x100             drivers/libdrivers.a(rt2880_eth.o)
NetArpWaitTry       0x4               net/libnet.a(net.o)
NetArpWaitPacketMAC
                    0x4               net/libnet.a(net.o)
NetOurEther         0x6               net/libnet.a(net.o)
NetOurIP            0x4               net/libnet.a(net.o)
NetServerIP         0x4               net/libnet.a(net.o)
monitor_flash_len   0x4               lib_mips/libmips.a(board.o)
Pkt_Buf_Pool        0x17440           net/libnet.a(net.o)
alloc_qh            0x40              drivers/libdrivers.a(ehci-hcd.o)
___strtok           0x4               lib_generic/libgeneric.a(string.o)
NetArpWaitTxPacketSize
                    0x4               net/libnet.a(net.o)
NetArpWaitReplyIP   0x4               net/libnet.a(net.o)
NetRxPackets        0xf0              net/libnet.a(net.o)
NetArpWaitTxPacket  0x4               net/libnet.a(net.o)
rt2880_free_buf_list
                    0x8               drivers/libdrivers.a(rt2880_eth.o)
PKT_HEADER_Buf      0x4               drivers/libdrivers.a(rt2880_eth.o)
NetArpWaitPacketIP  0x4               net/libnet.a(net.o)
get_dentfromdir_block_buf
                    0x10000           fs/fat/libfat.a(fat.o)
get_vfatname_block  0x10000           fs/fat/libfat.a(fat.o)
NetState            0x4               net/libnet.a(net.o)
do_fat_read_block_buf
                    0x10000           fs/fat/libfat.a(fat.o)
BootFile            0x80              net/libnet.a(net.o)
rt2880_pdev         0x4               drivers/libdrivers.a(rt2880_eth.o)
dp_last_addr        0x4               common/libcommon.a(cmd_mem.o)
his_pad_char        0x1               common/libcommon.a(cmd_load.o)
env_ptr             0x4               common/libcommon.a(env_spi.o)
os_data_count       0x4               common/libcommon.a(cmd_load.o)
portreset           0x2               drivers/libdrivers.a(ehci-hcd.o)
rootdev             0x4               drivers/libdrivers.a(ehci-hcd.o)
hccr                0x4               drivers/libdrivers.a(ehci-hcd.o)
mm_last_size        0x4               common/libcommon.a(cmd_mem.o)
os_data_init        0x4               common/libcommon.a(cmd_load.o)
mips_bus_feq        0x4               lib_mips/libmips.a(board.o)
mm_last_addr        0x4               common/libcommon.a(cmd_mem.o)
rt2880_busing_buf_list
                    0x8               drivers/libdrivers.a(rt2880_eth.o)
NetIPID             0x4               net/libnet.a(net.o)
alloc_td            0x60              drivers/libdrivers.a(ehci-hcd.o)
send_ptr            0x4               common/libcommon.a(cmd_load.o)
mips_cpu_feq        0x4               lib_mips/libmips.a(board.o)
hcor                0x4               drivers/libdrivers.a(ehci-hcd.o)
NetRxPkt            0x4               net/libnet.a(net.o)
os_data_header      0x20              common/libcommon.a(cmd_load.o)
os_data_char        0x4               common/libcommon.a(cmd_load.o)
gd_data             0x24              lib_mips/libmips.a(board.o)
NetArpWaitPacketBuf
                    0x640             net/libnet.a(net.o)
TftpStarted         0x4               net/libnet.a(tftp.o)
qh_list_global      0x40              drivers/libdrivers.a(ehci-hcd.o)
his_eol             0x1               common/libcommon.a(cmd_load.o)
header              0x40              common/libcommon.a(cmd_bootm.o)
NetRxPktLen         0x4               net/libnet.a(net.o)
his_quote           0x1               common/libcommon.a(cmd_load.o)
NetBootFileXferSize
                    0x4               net/libnet.a(net.o)
console_history     0xa00             common/libcommon.a(main.o)
PktBuf              0x4               net/libnet.a(net.o)
send_parms          0x14              common/libcommon.a(cmd_load.o)
his_pad_count       0x4               common/libcommon.a(cmd_load.o)
NetArpWaitTimerStart
                    0x4               net/libnet.a(net.o)

Memory Configuration

Name             Origin             Length             Attributes
*default*        0x0000000000000000 0xffffffffffffffff

Linker script and memory map

                0x0000000000000000                . = 0x0
                0x0000000000000000                . = ALIGN (0x4)

.text           0x00000000bc000000    0x1ced0
 *(.text)
 .text          0x00000000bc000000     0x1040 cpu/ralink_soc/start.o
                0x00000000bc000ec8                DDR2_CFG0_TBL
                0x00000000bc000b98                relocate_code
                0x00000000bc001004                fill_icache
                0x00000000bc000dc0                SDR_CFG0_TBL
                0x00000000bc000fc4                unlock_dcache
                0x00000000bc000e28                DDR1_CFG1_TBL
                0x00000000bc000000                _start
                0x00000000bc000e00                DDR1_CFG0_TBL
                0x00000000bc000ee8                DDR2_CFG1_TBL
                0x00000000bc000f68                lock_dcache
                0x00000000bc000c64                init_cpu_pll
                0x00000000bc000de0                SDR_CFG1_TBL
 .text          0x00000000bc001040     0x2d80 lib_mips/libmips.a(board.o)
                0x00000000bc0034b8                do_rw_rf
                0x00000000bc00338c                hang
                0x00000000bc001904                smart7688_led_blink
                0x00000000bc0033bc                rw_rf_reg
                0x00000000bc0019d0                board_init_r
                0x00000000bc001368                OperationSelect
                0x00000000bc001040                sbrk
                0x00000000bc001998                disable_pcie
                0x00000000bc001090                board_init_f
                0x00000000bc001428                tftp_config
                0x00000000bc001960                config_usb_ehciohci
                0x00000000bc0018fc                trigger_hw_reset
                0x00000000bc0035f8                dram_cali
 .text          0x00000000bc003dc0      0x140 lib_mips/libmips.a(time.o)
                0x00000000bc003eb0                mdelay
                0x00000000bc003ddc                get_timer
                0x00000000bc003dc8                timer_init
                0x00000000bc003e20                udelay
 .text          0x00000000bc003f00     0x1520 net/libnet.a(net.o)
                0x00000000bc004eec                getenv_IPaddr
                0x00000000bc0046f0                NetCksumOk
                0x00000000bc004110                NetSetTimeout
                0x00000000bc004d34                copy_filename
                0x00000000bc004d2c                NetEthHdrSize
                0x00000000bc004da8                ip_to_string
                0x00000000bc004280                ArpTimeoutCheck
                0x00000000bc004730                NetReceive
                0x00000000bc004e28                string_to_ip
                0x00000000bc004524                NetSendUDPPacket
                0x00000000bc0053d4                print_IPaddr
                0x00000000bc003f00                NetSetEther
                0x00000000bc004f28                NetLoop
                0x00000000bc003f80                ArpRequest
                0x00000000bc004368                NetCksum
                0x00000000bc0043b0                NetSetIP
                0x00000000bc00418c                NetStartAgain
                0x00000000bc004174                NetSetHandler
                0x00000000bc004350                NetSendPacket
 .text          0x00000000bc005420      0x910 net/libnet.a(tftp.o)
                0x00000000bc005420                TftpSend
                0x00000000bc005a84                TftpStart
 .text          0x00000000bc005d30      0x500 net/libnet.a(eth.o)
                0x00000000bc006164                eth_halt
                0x00000000bc005dd0                eth_register
                0x00000000bc005d30                eth_parse_enetaddr
                0x00000000bc00607c                eth_try_another
                0x00000000bc005e3c                eth_initialize
                0x00000000bc0061f4                eth_rx
                0x00000000bc0060b4                eth_init
                0x00000000bc0061bc                eth_send
 .text          0x00000000bc006230     0x1440 drivers/libdrivers.a(rt2880_eth.o)
                0x00000000bc0063ac                rt2880_eth_initialize
                0x00000000bc0062f8                rt2880_free_buf_entry_dequeue
                0x00000000bc006c4c                rt305x_esw_init
                0x00000000bc0072fc                readline
                0x00000000bc0075e0                input_value
                0x00000000bc006290                STOP_ETH
                0x00000000bc006990                mt7628_ephy_init
                0x00000000bc0065fc                LANWANPartition
                0x00000000bc006604                isDMABusy
                0x00000000bc006230                START_ETH
                0x00000000bc00718c                rt2880_eth_halt
 .text          0x00000000bc007670      0x900 drivers/libdrivers.a(mii_mgr.o)
                0x00000000bc00790c                dump_phy_reg
                0x00000000bc0077c4                mii_mgr_write
                0x00000000bc007678                mii_mgr_read
                0x00000000bc007670                enable_mdio
                0x00000000bc007ac0                rt2880_mdio_access
 .text          0x00000000bc007f70     0x2550 drivers/libdrivers.a(spi_rt6855A_flash.o)
                0x00000000bc008e7c                raspi_read
                0x00000000bc008004                spic_init
                0x00000000bc00973c                do_mem_cp
                0x00000000bc009b5c                ralink_spi_command
                0x00000000bc008c14                raspi_init
                0x00000000bc009868                do_flerase
                0x00000000bc008ad4                chip_prob
                0x00000000bc008c5c                raspi_erase
                0x00000000bc009000                raspi_write
                0x00000000bc00934c                raspi_erase_write
 .text          0x00000000bc00a4c0      0x610 common/libcommon.a(main.o)
                0x00000000bc00a4c0                run_command
                0x00000000bc00a9c4                main_loop
 .text          0x00000000bc00aad0       0xe0 common/libcommon.a(cmd_boot.o)
                0x00000000bc00aad0                do_go
 .text          0x00000000bc00abb0      0x9c0 common/libcommon.a(cmd_bootm.o)
                0x00000000bc00abb0                print_image_hdr
                0x00000000bc00af64                do_bootm
 .text          0x00000000bc00b570      0xcd0 common/libcommon.a(cmd_load.o)
                0x00000000bc00b830                k_data_init
                0x00000000bc00b63c                s1_sendpacket
                0x00000000bc00b994                handle_send_packet
                0x00000000bc00b8a0                k_data_restore
                0x00000000bc00b728                send_nack
                0x00000000bc00bbf4                do_load_serial_bin
                0x00000000bc00b8f0                k_data_char
                0x00000000bc00b604                chk1
                0x00000000bc00b850                k_data_save
                0x00000000bc00b5c8                ktrans
                0x00000000bc00b570                send_pad
                0x00000000bc00b69c                send_ack
 .text          0x00000000bc00c240      0x430 common/libcommon.a(cmd_net.o)
                0x00000000bc00c240                do_tftpb
 .text          0x00000000bc00c670      0x9f0 common/libcommon.a(cmd_mem.o)
                0x00000000bc00c9f8                do_mem_base
                0x00000000bc00ce88                do_mem_crc
                0x00000000bc00cdf8                do_mem_nm
                0x00000000bc00ce40                do_mem_mm
                0x00000000bc00c670                cmd_get_data_size
                0x00000000bc00ca64                do_mem_loop
                0x00000000bc00c728                do_mem_md
 .text          0x00000000bc00d060      0xc00 common/libcommon.a(cmd_nvedit.o)
                0x00000000bc00db2c                getenv
                0x00000000bc00d374                _do_setenv
                0x00000000bc00d104                do_printenv
                0x00000000bc00da64                setenv
                0x00000000bc00dc04                do_saveenv
                0x00000000bc00dab8                do_setenv
 .text          0x00000000bc00dc60      0x3f0 common/libcommon.a(command.o)
                0x00000000bc00dca0                find_cmd
                0x00000000bc00ddc0                do_help
                0x00000000bc00dc60                do_version
 .text          0x00000000bc00e050      0x7c0 common/libcommon.a(console.o)
                0x00000000bc00e69c                console_init_r
                0x00000000bc00e3ec                printf
                0x00000000bc00e570                console_assign
                0x00000000bc00e2e4                getc
                0x00000000bc00e3ac                puts
                0x00000000bc00e560                dbg
                0x00000000bc00e138                serial_printf
                0x00000000bc00e1c8                ftstc
                0x00000000bc00e284                fprintf
                0x00000000bc00e324                tstc
                0x00000000bc00e444                vprintf
                0x00000000bc00e490                ctrlc
                0x00000000bc00e364                putc
                0x00000000bc00e514                disable_ctrlc
                0x00000000bc00e190                fgetc
                0x00000000bc00e530                had_ctrlc
                0x00000000bc00e200                fputc
                0x00000000bc00e68c                console_init_f
                0x00000000bc00e548                clear_ctrlc
                0x00000000bc00e244                fputs
 .text          0x00000000bc00e810      0x180 common/libcommon.a(devices.o)
                0x00000000bc00e810                device_register
                0x00000000bc00e950                devices_done
                0x00000000bc00e854                devices_init
 .text          0x00000000bc00e990     0x14b0 common/libcommon.a(dlmalloc.o)
                0x00000000bc00ed8c                malloc
                0x00000000bc00fc00                pvalloc
                0x00000000bc00fc24                calloc
                0x00000000bc00fd50                malloc_usable_size
                0x00000000bc00f4d8                realloc
                0x00000000bc00e9f0                malloc_trim
                0x00000000bc00e990                malloc_bin_reloc
                0x00000000bc00fda8                mallopt
                0x00000000bc00fa4c                memalign
                0x00000000bc00fd38                cfree
                0x00000000bc00fbe4                valloc
                0x00000000bc00eb18                free
 .text          0x00000000bc00fe40      0x1f0 common/libcommon.a(env_common.o)
                0x00000000bc00ff10                env_get_addr
                0x00000000bc00ff40                env_relocate
                0x00000000bc00fe40                env_crc_update
                0x00000000bc00fedc                env_get_char_memory
 .text          0x00000000bc010030       0xb0 common/libcommon.a(exports.o)
                0x00000000bc010040                jumptable_init
                0x00000000bc010038                get_version
 .text          0x00000000bc0100e0      0x510 common/libcommon.a(lists.o)
                0x00000000bc01018c                DisposeHandle
                0x00000000bc010328                ListDispose
                0x00000000bc010340                ListInsertItems
                0x00000000bc0100e0                NewHandle
                0x00000000bc0101f0                SetHandleSize
                0x00000000bc01058c                ListInsertItem
                0x00000000bc0101e8                GetHandleSize
                0x00000000bc0105e4                ListNumItems
                0x00000000bc0105a4                ListGetPtrToItem
                0x00000000bc0102b8                ListCreate
 .text          0x00000000bc0105f0     0x1a30 common/libcommon.a(cmd_usb.o)
                0x00000000bc010b64                usb_display_conf_desc
                0x00000000bc010fa0                usb_show_tree_graph
                0x00000000bc0105f0                usb_get_class_desc
                0x00000000bc010d78                usb_display_ep_desc
                0x00000000bc0109b4                usb_display_desc
                0x00000000bc0106f0                usb_display_class_sub
                0x00000000bc01128c                usb_show_tree
                0x00000000bc01095c                usb_display_string
                0x00000000bc010c6c                usb_display_if_desc
                0x00000000bc010eb8                usb_display_config
                0x00000000bc0112e8                do_usbboot
                0x00000000bc0118bc                do_usb
 .text          0x00000000bc012020      0x570 common/libcommon.a(cmd_fat.o)
                0x00000000bc01207c                do_fat_fsload
                0x00000000bc012438                do_fat_fsinfo
                0x00000000bc01229c                do_fat_ls
                0x00000000bc012020                get_dev
 .text          0x00000000bc012590      0x290 common/libcommon.a(env_spi.o)
                0x00000000bc0127ec                env_relocate_spec
                0x00000000bc012690                saveenv
                0x00000000bc012590                env_get_char_spec
                0x00000000bc0125c4                spi_env_init
                0x00000000bc0125a0                env_init
 .text          0x00000000bc012820     0x2350 common/libcommon.a(usb.o)
                0x00000000bc013400                usb_set_idle
                0x00000000bc012c04                usb_maxpacket
                0x00000000bc013ee8                usb_hub_probe
                0x00000000bc012964                usb_stop
                0x00000000bc0149b8                usb_init
                0x00000000bc0129a8                usb_disable_asynch
                0x00000000bc012ee4                usb_clear_halt
                0x00000000bc012b44                usb_bulk_msg
                0x00000000bc013518                usb_get_class_descriptor
                0x00000000bc013c60                hub_port_reset
                0x00000000bc0129c8                usb_submit_int_msg
                0x00000000bc012d3c                usb_parse_config
                0x00000000bc0139c4                usb_free_device
                0x00000000bc0129e0                usb_control_msg
                0x00000000bc013384                usb_set_protocol
                0x00000000bc0147c0                usb_hub_port_connect_change
                0x00000000bc0131e4                usb_set_interface
                0x00000000bc013824                usb_string
                0x00000000bc013484                usb_get_report
                0x00000000bc012fd0                usb_get_descriptor
                0x00000000bc0135ac                usb_get_string
                0x00000000bc012820                wait_ms
                0x00000000bc013a60                usb_hub_reset_devices
                0x00000000bc01305c                usb_get_configuration_no
                0x00000000bc0143dc                usb_new_device
                0x00000000bc0132e8                usb_set_configuration
                0x00000000bc012c34                usb_set_maxpacket
                0x00000000bc013180                usb_set_address
                0x00000000bc012888                usb_alloc_new_device
                0x00000000bc012870                usb_hub_reset
                0x00000000bc013988                usb_get_dev_index
 .text          0x00000000bc014b70     0x1b40 common/libcommon.a(usb_storage.o)
                0x00000000bc014ce8                usb_storage_probe
                0x00000000bc015a6c                usb_stor_CB_transport
                0x00000000bc015240                usb_stor_CB_comdat
                0x00000000bc014b70                usb_stor_get_dev
                0x00000000bc015e68                usb_stor_read
                0x00000000bc014ba0                usb_show_progress
                0x00000000bc016474                usb_stor_scan
                0x00000000bc014c10                usb_stor_info
                0x00000000bc016134                usb_stor_get_info
                0x00000000bc015660                usb_stor_BBB_clear_endpt_stall
                0x00000000bc015538                usb_stor_CBI_get_status
 .text          0x00000000bc0166b0      0x220 lib_generic/libgeneric.a(crc32.o)
                0x00000000bc0166b0                crc32
 .text          0x00000000bc0168d0      0x150 lib_generic/libgeneric.a(display_options.o)
                0x00000000bc0168d0                display_options
                0x00000000bc016910                print_size
 .text          0x00000000bc016a20      0x220 lib_generic/libgeneric.a(string.o)
                0x00000000bc016b90                memmove
                0x00000000bc016b60                memcpy
                0x00000000bc016af8                strnlen
                0x00000000bc016a80                strrchr
                0x00000000bc016c0c                memcmp
                0x00000000bc016b34                memset
                0x00000000bc016a5c                strlen
                0x00000000bc016a20                strchr
 .text          0x00000000bc016c40      0xa30 lib_generic/libgeneric.a(vsprintf.o)
                0x00000000bc017058                vsprintf
                0x00000000bc016d34                simple_strtol
                0x00000000bc0175f0                panic
                0x00000000bc0175b4                sprintf
                0x00000000bc016c40                simple_strtoul
 .text          0x00000000bc017670      0xc80 lib_generic/libgeneric.a(LzmaDecode.o)
                0x00000000bc0176a4                RangeDecoderInit
                0x00000000bc0180dc                lzmaBuffToBuffDecompress
                0x00000000bc01772c                RangeDecoderDecodeDirectBits
                0x00000000bc0178fc                RangeDecoderBitTreeDecode
                0x00000000bc017a34                LzmaLiteralDecode
                0x00000000bc0177e8                RangeDecoderBitDecode
                0x00000000bc017990                RangeDecoderReverseBitTreeDecode
                0x00000000bc017b7c                LzmaLenDecode
                0x00000000bc017c68                LzmaDecode
                0x00000000bc017670                RangeDecoderReadByte
                0x00000000bc017aa4                LzmaLiteralDecodeMatch
 .text          0x00000000bc0182f0      0x1b0 board/rt2880/librt2880.a(rt2880.o)
                0x00000000bc0182f0                get_ram_size
                0x00000000bc018460                checkboard
                0x00000000bc018424                initdram
 .text          0x00000000bc0184a0      0x1a0 board/rt2880/librt2880.a(serial.o)
                0x00000000bc0184a0                serial_setbrg
                0x00000000bc0185a8                serial_tstc
                0x00000000bc018554                serial_putc
                0x00000000bc01851c                serial_init
                0x00000000bc0185e0                serial_puts
                0x00000000bc0185bc                serial_getc
 .text          0x00000000bc018640      0x140 cpu/ralink_soc/libralink_soc.a(cpu.o)
                0x00000000bc018734                invalidate_dcache_range
                0x00000000bc018658                flush_cache
                0x00000000bc0186f4                flush_dcache_range
                0x00000000bc018640                do_reset
 .text          0x00000000bc018780      0x910 lib_mips/libmips.a(mips_linux.o)
                0x00000000bc0188a8                do_bootm_linux
 .text          0x00000000bc019090     0x14c0 drivers/libdrivers.a(ehci-hcd.o)
                0x00000000bc019ed4                usb_lowlevel_stop
                0x00000000bc019828                ehci_submit_root
                0x00000000bc01a53c                submit_int_msg
                0x00000000bc01a48c                submit_bulk_msg
                0x00000000bc01a4dc                submit_control_msg
                0x00000000bc019eec                usb_lowlevel_init
 .text          0x00000000bc01a550      0x130 drivers/libdrivers.a(ehci-ra.o)
                0x00000000bc01a670                ehci_hcd_stop
                0x00000000bc01a588                ehci_hcd_init
                0x00000000bc01a550                leave_power_saving
 .text          0x00000000bc01a680     0x1c90 fs/fat/libfat.a(fat.o)
                0x00000000bc01c290                file_fat_read
                0x00000000bc01b3d8                do_fat_read
                0x00000000bc01c270                file_fat_ls
                0x00000000bc01c0e8                file_fat_detectfs
                0x00000000bc01a6fc                fat_register_device
 .text          0x00000000bc01c310      0x3f0 disk/libdisk.a(part.o)
                0x00000000bc01c310                dev_print
                0x00000000bc01c5ec                print_part
                0x00000000bc01c59c                get_partition_info
                0x00000000bc01c554                init_part
 .text          0x00000000bc01c700      0x7d0 disk/libdisk.a(part_dos.o)
                0x00000000bc01ce84                get_partition_info_dos
                0x00000000bc01ce28                print_part_dos
                0x00000000bc01c700                test_part_dos
                0x00000000bc01ced0                . = ALIGN (0x4)

.rodata         0x00000000bc01ced0      0x340
 *(.rodata)
 .rodata        0x00000000bc01ced0       0x40 lib_mips/libmips.a(board.o)
                0x00000000bc01ced0                version_string
 .rodata        0x00000000bc01cf10       0x10 net/libnet.a(net.o)
 .rodata        0x00000000bc01cf20       0x30 net/libnet.a(tftp.o)
 .rodata        0x00000000bc01cf50       0x10 net/libnet.a(eth.o)
 .rodata        0x00000000bc01cf60       0xf0 drivers/libdrivers.a(spi_rt6855A_flash.o)
 .rodata        0x00000000bc01d050       0xc0 common/libcommon.a(cmd_bootm.o)
 .rodata        0x00000000bc01d110       0x20 common/libcommon.a(cmd_nvedit.o)
 .rodata        0x00000000bc01d130       0x20 common/libcommon.a(cmd_usb.o)
 .rodata        0x00000000bc01d150       0x20 common/libcommon.a(usb.o)
 .rodata        0x00000000bc01d170       0x10 lib_generic/libgeneric.a(crc32.o)
 .rodata        0x00000000bc01d180       0x50 drivers/libdrivers.a(ehci-hcd.o)
 .rodata        0x00000000bc01d1d0       0x20 disk/libdisk.a(part.o)
 .rodata        0x00000000bc01d1f0       0x20 disk/libdisk.a(part_dos.o)

.reginfo        0x00000000bc01d210       0x18
 .reginfo       0x00000000bc01d210       0x18 cpu/ralink_soc/start.o

.rodata.str1.4  0x00000000bc01d228     0x4c9c
 .rodata.str1.4
                0x00000000bc01d228      0xce5 lib_mips/libmips.a(board.o)
                                        0xd1c (size before relaxing)
 *fill*         0x00000000bc01df0d        0x3 00
 .rodata.str1.4
                0x00000000bc01df10      0x355 net/libnet.a(net.o)
                                        0x374 (size before relaxing)
 *fill*         0x00000000bc01e265        0x3 00
 .rodata.str1.4
                0x00000000bc01e268      0x1ef net/libnet.a(tftp.o)
                                        0x1fc (size before relaxing)
 *fill*         0x00000000bc01e457        0x1 00
 .rodata.str1.4
                0x00000000bc01e458       0x6a net/libnet.a(eth.o)
                                         0x74 (size before relaxing)
 *fill*         0x00000000bc01e4c2        0x2 00
 .rodata.str1.4
                0x00000000bc01e4c4      0x168 drivers/libdrivers.a(rt2880_eth.o)
 .rodata.str1.4
                0x00000000bc01e62c      0x417 drivers/libdrivers.a(mii_mgr.o)
                                        0x428 (size before relaxing)
 *fill*         0x00000000bc01ea43        0x1 00
 .rodata.str1.4
                0x00000000bc01ea44      0x91d drivers/libdrivers.a(spi_rt6855A_flash.o)
                                        0x930 (size before relaxing)
 *fill*         0x00000000bc01f361        0x3 00
 .rodata.str1.4
                0x00000000bc01f364       0x7d common/libcommon.a(main.o)
                                         0x98 (size before relaxing)
 *fill*         0x00000000bc01f3e1        0x3 00
 .rodata.str1.4
                0x00000000bc01f3e4      0x10b common/libcommon.a(cmd_boot.o)
                                        0x118 (size before relaxing)
 *fill*         0x00000000bc01f4ef        0x1 00
 .rodata.str1.4
                0x00000000bc01f4f0      0x4d0 common/libcommon.a(cmd_bootm.o)
                                        0x4d4 (size before relaxing)
 .rodata.str1.4
                0x00000000bc01f9c0      0x1bc common/libcommon.a(cmd_load.o)
                                        0x1d4 (size before relaxing)
 .rodata.str1.4
                0x00000000bc01fb7c       0xf5 common/libcommon.a(cmd_net.o)
                                        0x158 (size before relaxing)
 *fill*         0x00000000bc01fc71        0x3 00
 .rodata.str1.4
                0x00000000bc01fc74      0x296 common/libcommon.a(cmd_mem.o)
                                        0x2a4 (size before relaxing)
 *fill*         0x00000000bc01ff0a        0x2 00
 .rodata.str1.4
                0x00000000bc01ff0c      0x2ad common/libcommon.a(cmd_nvedit.o)
                                        0x318 (size before relaxing)
 *fill*         0x00000000bc0201b9        0x3 00
 .rodata.str1.4
                0x00000000bc0201bc      0x211 common/libcommon.a(command.o)
                                        0x21c (size before relaxing)
 *fill*         0x00000000bc0203cd        0x3 00
 .rodata.str1.4
                0x00000000bc0203d0       0x2f common/libcommon.a(devices.o)
                                         0x48 (size before relaxing)
 *fill*         0x00000000bc0203ff        0x1 00
 .rodata.str1.4
                0x00000000bc020400       0x33 common/libcommon.a(env_common.o)
                                         0x34 (size before relaxing)
 *fill*         0x00000000bc020433        0x1 00
 .rodata.str1.4
                0x00000000bc020434      0x99f common/libcommon.a(cmd_usb.o)
                                        0xa34 (size before relaxing)
 *fill*         0x00000000bc020dd3        0x1 00
 .rodata.str1.4
                0x00000000bc020dd4      0x3af common/libcommon.a(cmd_fat.o)
                                        0x3f4 (size before relaxing)
 *fill*         0x00000000bc021183        0x1 00
 .rodata.str1.4
                0x00000000bc021184       0x52 common/libcommon.a(env_spi.o)
                                         0x54 (size before relaxing)
 *fill*         0x00000000bc0211d6        0x2 00
 .rodata.str1.4
                0x00000000bc0211d8      0x345 common/libcommon.a(usb.o)
                                        0x348 (size before relaxing)
 *fill*         0x00000000bc02151d        0x3 00
 .rodata.str1.4
                0x00000000bc021520      0x1e5 common/libcommon.a(usb_storage.o)
                                        0x1f0 (size before relaxing)
 *fill*         0x00000000bc021705        0x3 00
 .rodata.str1.4
                0x00000000bc021708       0x17 lib_generic/libgeneric.a(display_options.o)
                                         0x20 (size before relaxing)
 *fill*         0x00000000bc02171f        0x1 00
 .rodata.str1.4
                0x00000000bc021720       0x57 lib_generic/libgeneric.a(vsprintf.o)
                                         0x58 (size before relaxing)
 *fill*         0x00000000bc021777        0x1 00
 .rodata.str1.4
                0x00000000bc021778       0x16 board/rt2880/librt2880.a(rt2880.o)
                                         0x18 (size before relaxing)
 *fill*         0x00000000bc02178e        0x2 00
 .rodata.str1.4
                0x00000000bc021790      0x137 lib_mips/libmips.a(mips_linux.o)
                                        0x188 (size before relaxing)
 *fill*         0x00000000bc0218c7        0x1 00
 .rodata.str1.4
                0x00000000bc0218c8      0x156 drivers/libdrivers.a(ehci-hcd.o)
                                        0x15c (size before relaxing)
 *fill*         0x00000000bc021a1e        0x2 00
 .rodata.str1.4
                0x00000000bc021a20       0x69 drivers/libdrivers.a(ehci-ra.o)
                                         0x6c (size before relaxing)
 *fill*         0x00000000bc021a89        0x3 00
 .rodata.str1.4
                0x00000000bc021a8c      0x18c fs/fat/libfat.a(fat.o)
                                        0x198 (size before relaxing)
 .rodata.str1.4
                0x00000000bc021c18      0x188 disk/libdisk.a(part.o)
                                        0x19c (size before relaxing)
 .rodata.str1.4
                0x00000000bc021da0      0x124 disk/libdisk.a(part_dos.o)
                                        0x134 (size before relaxing)
                0x00000000bc021ec4                . = ALIGN (0x4)

.data           0x00000000bc021ed0      0x2a0
 *(.data)
 .data          0x00000000bc021ed0       0x10 lib_mips/libmips.a(board.o)
                0x00000000bc021ed0                flash_base
 .data          0x00000000bc021ee0       0x10 net/libnet.a(net.o)
                0x00000000bc021ee0                NetBcastAddr
 .data          0x00000000bc021ef0       0x10 drivers/libdrivers.a(rt2880_eth.o)
 .data          0x00000000bc021f00       0x40 drivers/libdrivers.a(spi_rt6855A_flash.o)
                0x00000000bc021f00                stm_opcodes
 .data          0x00000000bc021f40       0x10 common/libcommon.a(cmd_bootm.o)
                0x00000000bc021f40                load_addr
 .data          0x00000000bc021f50       0x10 common/libcommon.a(cmd_mem.o)
                0x00000000bc021f50                dp_last_length
 .data          0x00000000bc021f60       0x10 common/libcommon.a(dlmalloc.o)
 .data          0x00000000bc021f70       0x70 common/libcommon.a(env_common.o)
                0x00000000bc021f70                default_environment
 .data          0x00000000bc021fe0       0x10 common/libcommon.a(cmd_usb.o)
                0x00000000bc021fe0                usb_stor_curr_dev
 .data          0x00000000bc021ff0       0x10 common/libcommon.a(env_spi.o)
 .data          0x00000000bc022000       0x20 common/libcommon.a(usb_storage.o)
                0x00000000bc022000                us_direction
 .data          0x00000000bc022020       0x10 lib_generic/libgeneric.a(crc32.o)
 .data          0x00000000bc022030      0x100 lib_generic/libgeneric.a(ctype.o)
                0x00000000bc022030                _ctype
 .data          0x00000000bc022130       0x40 drivers/libdrivers.a(ehci-hcd.o)
                0x00000000bc022130                descriptor

.data.rel.local
                0x00000000bc022170      0x7ac
 .data.rel.local
                0x00000000bc022170      0x390 drivers/libdrivers.a(spi_rt6855A_flash.o)
 .data.rel.local
                0x00000000bc022500        0xc common/libcommon.a(devices.o)
                0x00000000bc022500                stdio_names
 .data.rel.local
                0x00000000bc02250c      0x408 common/libcommon.a(dlmalloc.o)
 .data.rel.local
                0x00000000bc022914        0x4 common/libcommon.a(env_common.o)
                0x00000000bc022914                env_get_char
 .data.rel.local
                0x00000000bc022918        0x4 common/libcommon.a(env_spi.o)
                0x00000000bc022918                env_name_spec
                0x00000000bc02291c                . = ALIGN (0x4)

.sdata
 *(.sdata)
 *(.sdata)
                0x00000000bc022920                _gp = ALIGN (0x10)

.got            0x00000000bc022920      0x594
                0x00000000bc022920                __got_start = .
 *(.got)
 .got           0x00000000bc022920      0x594 cpu/ralink_soc/start.o
                0x00000000bc022920                _GLOBAL_OFFSET_TABLE_
                0x00000000bc022eb4                __got_end = .
                0x00000000bc022eb4                __u_boot_cmd_start = .

.u_boot_cmd     0x00000000bc022eb4      0x258
 *(.u_boot_cmd)
 .u_boot_cmd    0x00000000bc022eb4       0x18 lib_mips/libmips.a(board.o)
                0x00000000bc022eb4                __u_boot_cmd_rf
 .u_boot_cmd    0x00000000bc022ecc       0x18 drivers/libdrivers.a(mii_mgr.o)
                0x00000000bc022ecc                __u_boot_cmd_mdio
 .u_boot_cmd    0x00000000bc022ee4       0x48 drivers/libdrivers.a(spi_rt6855A_flash.o)
                0x00000000bc022efc                __u_boot_cmd_erase
                0x00000000bc022ee4                __u_boot_cmd_spi
                0x00000000bc022f14                __u_boot_cmd_cp
 .u_boot_cmd    0x00000000bc022f2c       0x30 common/libcommon.a(cmd_boot.o)
                0x00000000bc022f2c                __u_boot_cmd_reset
                0x00000000bc022f44                __u_boot_cmd_go
 .u_boot_cmd    0x00000000bc022f5c       0x18 common/libcommon.a(cmd_bootm.o)
                0x00000000bc022f5c                __u_boot_cmd_bootm
 .u_boot_cmd    0x00000000bc022f74       0x18 common/libcommon.a(cmd_load.o)
                0x00000000bc022f74                __u_boot_cmd_loadb
 .u_boot_cmd    0x00000000bc022f8c       0x18 common/libcommon.a(cmd_net.o)
                0x00000000bc022f8c                __u_boot_cmd_tftpboot
 .u_boot_cmd    0x00000000bc022fa4       0x60 common/libcommon.a(cmd_mem.o)
                0x00000000bc022fec                __u_boot_cmd_md
                0x00000000bc022fd4                __u_boot_cmd_mm
                0x00000000bc022fa4                __u_boot_cmd_crc32
                0x00000000bc022fbc                __u_boot_cmd_nm
 .u_boot_cmd    0x00000000bc023004       0x48 common/libcommon.a(cmd_nvedit.o)
                0x00000000bc023004                __u_boot_cmd_saveenv
                0x00000000bc023034                __u_boot_cmd_printenv
                0x00000000bc02301c                __u_boot_cmd_setenv
 .u_boot_cmd    0x00000000bc02304c       0x48 common/libcommon.a(command.o)
                0x00000000bc02304c                __u_boot_cmd_question_mark
                0x00000000bc02307c                __u_boot_cmd_version
                0x00000000bc023064                __u_boot_cmd_help
 .u_boot_cmd    0x00000000bc023094       0x30 common/libcommon.a(cmd_usb.o)
                0x00000000bc0230ac                __u_boot_cmd_usb
                0x00000000bc023094                __u_boot_cmd_usbboot
 .u_boot_cmd    0x00000000bc0230c4       0x48 common/libcommon.a(cmd_fat.o)
                0x00000000bc0230c4                __u_boot_cmd_fatinfo
                0x00000000bc0230f4                __u_boot_cmd_fatload
                0x00000000bc0230dc                __u_boot_cmd_fatls
                0x00000000bc02310c                __u_boot_cmd_end = .
                0x00000000bc02310c                uboot_end_data = .
                0x0000000000000165                num_got_entries = ((__got_end - __got_start) >> 0x2)
                0x00000000bc02310c                . = ALIGN (0x4)

.sbss
 *(.sbss)

.bss            0x00000000bc023120    0x73160
 *(.bss)
 .bss           0x00000000bc023120       0xa0 lib_mips/libmips.a(board.o)
                0x00000000bc023120                modifies
 .bss           0x00000000bc0231c0       0xb0 net/libnet.a(net.o)
                0x00000000bc023234                NetOurNISDomain
                0x00000000bc0231cc                NetServerEther
                0x00000000bc02325c                NetOurSubnetMask
                0x00000000bc0231d2                NetBootFileSize
                0x00000000bc023214                NetOurHostName
                0x00000000bc023258                NetOurGatewayIP
                0x00000000bc0231c4                NetEtherNullAddr
                0x00000000bc0231c0                NetTxPacket
                0x00000000bc023254                NetOurDNSIP
                0x00000000bc0231d4                NetOurRootPath
 .bss           0x00000000bc023270       0x40 net/libnet.a(tftp.o)
 .bss           0x00000000bc0232b0       0x10 net/libnet.a(eth.o)
 .bss           0x00000000bc0232c0    0x16e40 drivers/libdrivers.a(rt2880_eth.o)
 .bss           0x00000000bc03a100       0x10 drivers/libdrivers.a(spi_rt6855A_flash.o)
                0x00000000bc03a100                spi_chip_info
 .bss           0x00000000bc03a110      0x100 common/libcommon.a(main.o)
 .bss           0x00000000bc03a210       0x40 common/libcommon.a(cmd_load.o)
 .bss           0x00000000bc03a250       0x10 common/libcommon.a(cmd_mem.o)
 .bss           0x00000000bc03a260       0x10 common/libcommon.a(console.o)
 .bss           0x00000000bc03a270       0x10 common/libcommon.a(devices.o)
                0x00000000bc03a27c                devlist
                0x00000000bc03a270                stdio_devices
 .bss           0x00000000bc03a280       0x40 common/libcommon.a(dlmalloc.o)
 .bss           0x00000000bc03a2c0    0x12d20 common/libcommon.a(usb.o)
 .bss           0x00000000bc04cfe0      0x5a0 common/libcommon.a(usb_storage.o)
 .bss           0x00000000bc04d580      0x400 lib_generic/libgeneric.a(crc32.o)
 .bss           0x00000000bc04d980       0x20 lib_mips/libmips.a(mips_linux.o)
 .bss           0x00000000bc04d9a0       0x10 drivers/libdrivers.a(ehci-hcd.o)
                0x00000000bc04d9a4                slewrate_cal_flag
                0x00000000bc04d9a8                phy_init_flag
                0x00000000bc04d9a0                qh_list
 .bss           0x00000000bc04d9b0       0x60 fs/fat/libfat.a(fat.o)
 COMMON         0x00000000bc04da10       0x24 lib_mips/libmips.a(board.o)
                0x00000000bc04da10                gd_data
 COMMON         0x00000000bc04da34    0x17bf0 net/libnet.a(net.o)
                0x00000000bc04da34                Pkt_Buf_Pool
                0x00000000bc064e74                NetRxPackets
                0x00000000bc064f64                BootFile
                0x00000000bc064fe4                NetArpWaitPacketBuf
 COMMON         0x00000000bc065624      0x100 drivers/libdrivers.a(rt2880_eth.o)
                0x00000000bc065624                console_buffer
 COMMON         0x00000000bc065724      0xa00 common/libcommon.a(main.o)
                0x00000000bc065724                console_history
 COMMON         0x00000000bc066124       0x40 common/libcommon.a(cmd_bootm.o)
                0x00000000bc066124                header
 COMMON         0x00000000bc066164       0x34 common/libcommon.a(cmd_load.o)
                0x00000000bc066164                os_data_header
                0x00000000bc066184                send_parms
 *fill*         0x00000000bc066198        0x8 00
 COMMON         0x00000000bc0661a0       0xe0 drivers/libdrivers.a(ehci-hcd.o)
                0x00000000bc0661a0                alloc_qh
                0x00000000bc0661e0                alloc_td
                0x00000000bc066240                qh_list_global
 COMMON         0x00000000bc066280    0x30000 fs/fat/libfat.a(fat.o)
                0x00000000bc066280                get_dentfromdir_block_buf
                0x00000000bc076280                get_vfatname_block
                0x00000000bc086280                do_fat_read_block_buf
                0x00000000bc096280                uboot_end = .

.scommon        0x00000000bc096280       0xb0
 .scommon       0x00000000bc096280        0xc lib_mips/libmips.a(board.o)
                0x00000000bc096280                monitor_flash_len
                0x00000000bc096284                mips_bus_feq
                0x00000000bc096288                mips_cpu_feq
 .scommon       0x00000000bc09628c       0x44 net/libnet.a(net.o)
                0x00000000bc09628c                NetArpWaitTry
                0x00000000bc096290                NetArpWaitPacketMAC
                0x00000000bc096294                NetOurEther
                0x00000000bc09629c                NetOurIP
                0x00000000bc0962a0                NetServerIP
                0x00000000bc0962a4                NetArpWaitTxPacketSize
                0x00000000bc0962a8                NetArpWaitReplyIP
                0x00000000bc0962ac                NetArpWaitTxPacket
                0x00000000bc0962b0                NetArpWaitPacketIP
                0x00000000bc0962b4                NetState
                0x00000000bc0962b8                NetIPID
                0x00000000bc0962bc                NetRxPkt
                0x00000000bc0962c0                NetRxPktLen
                0x00000000bc0962c4                NetBootFileXferSize
                0x00000000bc0962c8                PktBuf
                0x00000000bc0962cc                NetArpWaitTimerStart
 .scommon       0x00000000bc0962d0        0x4 net/libnet.a(tftp.o)
                0x00000000bc0962d0                TftpStarted
 .scommon       0x00000000bc0962d4       0x18 drivers/libdrivers.a(rt2880_eth.o)
                0x00000000bc0962d4                rt2880_free_buf_list
                0x00000000bc0962dc                PKT_HEADER_Buf
                0x00000000bc0962e0                rt2880_pdev
                0x00000000bc0962e4                rt2880_busing_buf_list
 .scommon       0x00000000bc0962ec       0x1c common/libcommon.a(cmd_load.o)
                0x00000000bc0962ec                his_pad_char
                0x00000000bc0962f0                os_data_count
                0x00000000bc0962f4                os_data_init
                0x00000000bc0962f8                send_ptr
                0x00000000bc0962fc                os_data_char
                0x00000000bc096300                his_eol
                0x00000000bc096301                his_quote
                0x00000000bc096304                his_pad_count
 .scommon       0x00000000bc096308       0x10 common/libcommon.a(cmd_mem.o)
                0x00000000bc096308                dp_last_size
                0x00000000bc09630c                dp_last_addr
                0x00000000bc096310                mm_last_size
                0x00000000bc096314                mm_last_addr
 .scommon       0x00000000bc096318        0x4 common/libcommon.a(env_spi.o)
                0x00000000bc096318                env_ptr
 .scommon       0x00000000bc09631c        0x4 lib_generic/libgeneric.a(string.o)
                0x00000000bc09631c                ___strtok
 .scommon       0x00000000bc096320       0x10 drivers/libdrivers.a(ehci-hcd.o)
                0x00000000bc096320                portreset
                0x00000000bc096324                rootdev
                0x00000000bc096328                hccr
                0x00000000bc09632c                hcor

.rel.dyn        0x00000000bc096330        0x0
Address of section .text set to 0xbc000000
LOAD cpu/ralink_soc/start.o
START GROUP
LOAD lib_generic/libgeneric.a
LOAD board/rt2880/librt2880.a
LOAD cpu/ralink_soc/libralink_soc.a
LOAD lib_mips/libmips.a
LOAD net/libnet.a
LOAD drivers/libdrivers.a
LOAD fs/fat/libfat.a
LOAD disk/libdisk.a
LOAD common/libcommon.a
END GROUP
OUTPUT(u-boot elf32-tradlittlemips)

.pdr            0x0000000000000000     0x2be0
 .pdr           0x0000000000000000       0xa0 cpu/ralink_soc/start.o
 .pdr           0x00000000000000a0      0x1a0 lib_mips/libmips.a(board.o)
 .pdr           0x0000000000000240       0xa0 lib_mips/libmips.a(time.o)
 .pdr           0x00000000000002e0      0x2a0 net/libnet.a(net.o)
 .pdr           0x0000000000000580       0x80 net/libnet.a(tftp.o)
 .pdr           0x0000000000000600      0x100 net/libnet.a(eth.o)
 .pdr           0x0000000000000700      0x200 drivers/libdrivers.a(rt2880_eth.o)
 .pdr           0x0000000000000900       0xa0 drivers/libdrivers.a(mii_mgr.o)
 .pdr           0x00000000000009a0      0x280 drivers/libdrivers.a(spi_rt6855A_flash.o)
 .pdr           0x0000000000000c20       0x40 common/libcommon.a(main.o)
 .pdr           0x0000000000000c60       0x20 common/libcommon.a(cmd_boot.o)
 .pdr           0x0000000000000c80       0x40 common/libcommon.a(cmd_bootm.o)
 .pdr           0x0000000000000cc0      0x1c0 common/libcommon.a(cmd_load.o)
 .pdr           0x0000000000000e80       0x20 common/libcommon.a(cmd_net.o)
 .pdr           0x0000000000000ea0      0x100 common/libcommon.a(cmd_mem.o)
 .pdr           0x0000000000000fa0       0xe0 common/libcommon.a(cmd_nvedit.o)
 .pdr           0x0000000000001080       0x60 common/libcommon.a(command.o)
 .pdr           0x00000000000010e0      0x2a0 common/libcommon.a(console.o)
 .pdr           0x0000000000001380       0x60 common/libcommon.a(devices.o)
 .pdr           0x00000000000013e0      0x200 common/libcommon.a(dlmalloc.o)
 .pdr           0x00000000000015e0       0xa0 common/libcommon.a(env_common.o)
 .pdr           0x0000000000001680       0x60 common/libcommon.a(exports.o)
 .pdr           0x00000000000016e0      0x140 common/libcommon.a(lists.o)
 .pdr           0x0000000000001820      0x180 common/libcommon.a(cmd_usb.o)
 .pdr           0x00000000000019a0       0x80 common/libcommon.a(cmd_fat.o)
 .pdr           0x0000000000001a20       0xa0 common/libcommon.a(env_spi.o)
 .pdr           0x0000000000001ac0      0x4a0 common/libcommon.a(usb.o)
 .pdr           0x0000000000001f60      0x220 common/libcommon.a(usb_storage.o)
 .pdr           0x0000000000002180       0x20 lib_generic/libgeneric.a(crc32.o)
 .pdr           0x00000000000021a0       0x40 lib_generic/libgeneric.a(display_options.o)
 .pdr           0x00000000000021e0      0x100 lib_generic/libgeneric.a(string.o)
 .pdr           0x00000000000022e0       0xe0 lib_generic/libgeneric.a(vsprintf.o)
 .pdr           0x00000000000023c0      0x160 lib_generic/libgeneric.a(LzmaDecode.o)
 .pdr           0x0000000000002520       0x60 board/rt2880/librt2880.a(rt2880.o)
 .pdr           0x0000000000002580       0xc0 board/rt2880/librt2880.a(serial.o)
 .pdr           0x0000000000002640       0x80 cpu/ralink_soc/libralink_soc.a(cpu.o)
 .pdr           0x00000000000026c0       0x40 lib_mips/libmips.a(mips_linux.o)
 .pdr           0x0000000000002700      0x180 drivers/libdrivers.a(ehci-hcd.o)
 .pdr           0x0000000000002880       0x60 drivers/libdrivers.a(ehci-ra.o)
 .pdr           0x00000000000028e0      0x1e0 fs/fat/libfat.a(fat.o)
 .pdr           0x0000000000002ac0       0x80 disk/libdisk.a(part.o)
 .pdr           0x0000000000002b40       0xa0 disk/libdisk.a(part_dos.o)

.stab           0x0000000000000000     0x2280
 .stab          0x0000000000000000     0x2280 cpu/ralink_soc/start.o

.stabstr        0x0000000000000000       0xbe
 .stabstr       0x0000000000000000       0xbe cpu/ralink_soc/start.o

.mdebug.abi32   0x0000000000000000        0x0

.debug_abbrev   0x0000000000000000      0x306
 .debug_abbrev  0x0000000000000000      0x306 lib_mips/libmips.a(board.o)

.debug_info     0x0000000000000000     0x13ec
 .debug_info    0x0000000000000000     0x13ec lib_mips/libmips.a(board.o)

.debug_line     0x0000000000000000      0x850
 .debug_line    0x0000000000000000      0x850 lib_mips/libmips.a(board.o)

.debug_frame    0x0000000000000000     0x28fc
 .debug_frame   0x0000000000000000      0x184 lib_mips/libmips.a(board.o)
 .debug_frame   0x0000000000000184       0x88 lib_mips/libmips.a(time.o)
 .debug_frame   0x000000000000020c      0x23c net/libnet.a(net.o)
 .debug_frame   0x0000000000000448       0x90 net/libnet.a(tftp.o)
 .debug_frame   0x00000000000004d8       0xd8 net/libnet.a(eth.o)
 .debug_frame   0x00000000000005b0      0x200 drivers/libdrivers.a(rt2880_eth.o)
 .debug_frame   0x00000000000007b0       0xa8 drivers/libdrivers.a(mii_mgr.o)
 .debug_frame   0x0000000000000858      0x2ac drivers/libdrivers.a(spi_rt6855A_flash.o)
 .debug_frame   0x0000000000000b04       0x60 common/libcommon.a(main.o)
 .debug_frame   0x0000000000000b64       0x30 common/libcommon.a(cmd_boot.o)
 .debug_frame   0x0000000000000b94       0x64 common/libcommon.a(cmd_bootm.o)
 .debug_frame   0x0000000000000bf8      0x174 common/libcommon.a(cmd_load.o)
 .debug_frame   0x0000000000000d6c       0x38 common/libcommon.a(cmd_net.o)
 .debug_frame   0x0000000000000da4      0x124 common/libcommon.a(cmd_mem.o)
 .debug_frame   0x0000000000000ec8      0x104 common/libcommon.a(cmd_nvedit.o)
 .debug_frame   0x0000000000000fcc       0x84 common/libcommon.a(command.o)
 .debug_frame   0x0000000000001050      0x1cc common/libcommon.a(console.o)
 .debug_frame   0x000000000000121c       0x58 common/libcommon.a(devices.o)
 .debug_frame   0x0000000000001274      0x194 common/libcommon.a(dlmalloc.o)
 .debug_frame   0x0000000000001408       0x80 common/libcommon.a(env_common.o)
 .debug_frame   0x0000000000001488       0x48 common/libcommon.a(exports.o)
 .debug_frame   0x00000000000014d0      0x104 common/libcommon.a(lists.o)
 .debug_frame   0x00000000000015d4      0x1a4 common/libcommon.a(cmd_usb.o)
 .debug_frame   0x0000000000001778       0x94 common/libcommon.a(cmd_fat.o)
 .debug_frame   0x000000000000180c       0x88 common/libcommon.a(env_spi.o)
 .debug_frame   0x0000000000001894      0x43c common/libcommon.a(usb.o)
 .debug_frame   0x0000000000001cd0      0x260 common/libcommon.a(usb_storage.o)
 .debug_frame   0x0000000000001f30       0x20 lib_generic/libgeneric.a(crc32.o)
 .debug_frame   0x0000000000001f50       0x48 lib_generic/libgeneric.a(display_options.o)
 .debug_frame   0x0000000000001f98       0xa0 lib_generic/libgeneric.a(string.o)
 .debug_frame   0x0000000000002038       0xb8 lib_generic/libgeneric.a(vsprintf.o)
 .debug_frame   0x00000000000020f0      0x1ac lib_generic/libgeneric.a(LzmaDecode.o)
 .debug_frame   0x000000000000229c       0x54 board/rt2880/librt2880.a(rt2880.o)
 .debug_frame   0x00000000000022f0       0x84 board/rt2880/librt2880.a(serial.o)
 .debug_frame   0x0000000000002374       0x50 cpu/ralink_soc/libralink_soc.a(cpu.o)
 .debug_frame   0x00000000000023c4       0x68 lib_mips/libmips.a(mips_linux.o)
 .debug_frame   0x000000000000242c      0x160 drivers/libdrivers.a(ehci-hcd.o)
 .debug_frame   0x000000000000258c       0x4c drivers/libdrivers.a(ehci-ra.o)
 .debug_frame   0x00000000000025d8      0x1e8 fs/fat/libfat.a(fat.o)
 .debug_frame   0x00000000000027c0       0x7c disk/libdisk.a(part.o)
 .debug_frame   0x000000000000283c       0xc0 disk/libdisk.a(part_dos.o)

.debug_pubnames
                0x0000000000000000     0x1e78
 .debug_pubnames
                0x0000000000000000      0x170 lib_mips/libmips.a(board.o)
 .debug_pubnames
                0x0000000000000170       0x45 lib_mips/libmips.a(time.o)
 .debug_pubnames
                0x00000000000001b5      0x38e net/libnet.a(net.o)
 .debug_pubnames
                0x0000000000000543       0x3d net/libnet.a(tftp.o)
 .debug_pubnames
                0x0000000000000580       0x93 net/libnet.a(eth.o)
 .debug_pubnames
                0x0000000000000613      0x14f drivers/libdrivers.a(rt2880_eth.o)
 .debug_pubnames
                0x0000000000000762       0x83 drivers/libdrivers.a(mii_mgr.o)
 .debug_pubnames
                0x00000000000007e5      0x118 drivers/libdrivers.a(spi_rt6855A_flash.o)
 .debug_pubnames
                0x00000000000008fd       0x44 common/libcommon.a(main.o)
 .debug_pubnames
                0x0000000000000941       0x47 common/libcommon.a(cmd_boot.o)
 .debug_pubnames
                0x0000000000000988       0x63 common/libcommon.a(cmd_bootm.o)
 .debug_pubnames
                0x00000000000009eb      0x188 common/libcommon.a(cmd_load.o)
 .debug_pubnames
                0x0000000000000b73       0x39 common/libcommon.a(cmd_net.o)
 .debug_pubnames
                0x0000000000000bac      0x12b common/libcommon.a(cmd_mem.o)
 .debug_pubnames
                0x0000000000000cd7       0xaf common/libcommon.a(cmd_nvedit.o)
 .debug_pubnames
                0x0000000000000d86       0x88 common/libcommon.a(command.o)
 .debug_pubnames
                0x0000000000000e0e      0x10e common/libcommon.a(console.o)
 .debug_pubnames
                0x0000000000000f1c       0x76 common/libcommon.a(devices.o)
 .debug_pubnames
                0x0000000000000f92       0xb3 common/libcommon.a(dlmalloc.o)
 .debug_pubnames
                0x0000000000001045       0x88 common/libcommon.a(env_common.o)
 .debug_pubnames
                0x00000000000010cd       0x35 common/libcommon.a(exports.o)
 .debug_pubnames
                0x0000000000001102       0xc2 common/libcommon.a(lists.o)
 .debug_pubnames
                0x00000000000011c4      0x158 common/libcommon.a(cmd_usb.o)
 .debug_pubnames
                0x000000000000131c       0x99 common/libcommon.a(cmd_fat.o)
 .debug_pubnames
                0x00000000000013b5       0x86 common/libcommon.a(env_spi.o)
 .debug_pubnames
                0x000000000000143b      0x292 common/libcommon.a(usb.o)
 .debug_pubnames
                0x00000000000016cd      0x120 common/libcommon.a(usb_storage.o)
 .debug_pubnames
                0x00000000000017ed       0x1c lib_generic/libgeneric.a(crc32.o)
 .debug_pubnames
                0x0000000000001809       0x1d lib_generic/libgeneric.a(ctype.o)
 .debug_pubnames
                0x0000000000001826       0x35 lib_generic/libgeneric.a(display_options.o)
 .debug_pubnames
                0x000000000000185b       0x7b lib_generic/libgeneric.a(string.o)
 .debug_pubnames
                0x00000000000018d6       0x5a lib_generic/libgeneric.a(vsprintf.o)
 .debug_pubnames
                0x0000000000001930      0x12d lib_generic/libgeneric.a(LzmaDecode.o)
 .debug_pubnames
                0x0000000000001a5d       0x3f board/rt2880/librt2880.a(rt2880.o)
 .debug_pubnames
                0x0000000000001a9c       0x74 board/rt2880/librt2880.a(serial.o)
 .debug_pubnames
                0x0000000000001b10       0x62 cpu/ralink_soc/libralink_soc.a(cpu.o)
 .debug_pubnames
                0x0000000000001b72       0x25 lib_mips/libmips.a(mips_linux.o)
 .debug_pubnames
                0x0000000000001b97      0x12d drivers/libdrivers.a(ehci-hcd.o)
 .debug_pubnames
                0x0000000000001cc4       0x4d drivers/libdrivers.a(ehci-ra.o)
 .debug_pubnames
                0x0000000000001d11       0xc1 fs/fat/libfat.a(fat.o)
 .debug_pubnames
                0x0000000000001dd2       0x54 disk/libdisk.a(part.o)
 .debug_pubnames
                0x0000000000001e26       0x52 disk/libdisk.a(part_dos.o)

.debug_aranges  0x0000000000000000       0x20
 .debug_aranges
                0x0000000000000000       0x20 lib_mips/libmips.a(board.o)

.debug_ranges   0x0000000000000000      0x958
 .debug_ranges  0x0000000000000000       0xa0 lib_mips/libmips.a(board.o)
 .debug_ranges  0x00000000000000a0       0x48 net/libnet.a(net.o)
 .debug_ranges  0x00000000000000e8       0x18 net/libnet.a(tftp.o)
 .debug_ranges  0x0000000000000100       0x30 net/libnet.a(eth.o)
 .debug_ranges  0x0000000000000130       0x20 drivers/libdrivers.a(rt2880_eth.o)
 .debug_ranges  0x0000000000000150      0x1b8 drivers/libdrivers.a(spi_rt6855A_flash.o)
 .debug_ranges  0x0000000000000308       0x30 common/libcommon.a(main.o)
 .debug_ranges  0x0000000000000338       0x18 common/libcommon.a(cmd_bootm.o)
 .debug_ranges  0x0000000000000350       0x28 common/libcommon.a(cmd_load.o)
 .debug_ranges  0x0000000000000378       0x18 common/libcommon.a(cmd_net.o)
 .debug_ranges  0x0000000000000390       0x18 common/libcommon.a(cmd_mem.o)
 .debug_ranges  0x00000000000003a8       0xf0 common/libcommon.a(cmd_nvedit.o)
 .debug_ranges  0x0000000000000498       0x38 common/libcommon.a(command.o)
 .debug_ranges  0x00000000000004d0       0x38 common/libcommon.a(console.o)
 .debug_ranges  0x0000000000000508       0x50 common/libcommon.a(dlmalloc.o)
 .debug_ranges  0x0000000000000558       0xf0 common/libcommon.a(cmd_usb.o)
 .debug_ranges  0x0000000000000648       0x18 common/libcommon.a(cmd_fat.o)
 .debug_ranges  0x0000000000000660       0x50 common/libcommon.a(usb.o)
 .debug_ranges  0x00000000000006b0       0x90 common/libcommon.a(usb_storage.o)
 .debug_ranges  0x0000000000000740       0x20 lib_generic/libgeneric.a(vsprintf.o)
 .debug_ranges  0x0000000000000760       0x78 lib_generic/libgeneric.a(LzmaDecode.o)
 .debug_ranges  0x00000000000007d8       0x30 board/rt2880/librt2880.a(serial.o)
 .debug_ranges  0x0000000000000808       0x48 lib_mips/libmips.a(mips_linux.o)
 .debug_ranges  0x0000000000000850       0x20 drivers/libdrivers.a(ehci-hcd.o)
 .debug_ranges  0x0000000000000870       0x48 drivers/libdrivers.a(ehci-ra.o)
 .debug_ranges  0x00000000000008b8       0x80 fs/fat/libfat.a(fat.o)
 .debug_ranges  0x0000000000000938       0x20 disk/libdisk.a(part_dos.o)

.debug_str      0x0000000000000000     0x4760
 .debug_str     0x0000000000000000      0x734 lib_mips/libmips.a(board.o)
                                        0x809 (size before relaxing)
 .debug_str     0x0000000000000734       0x63 lib_mips/libmips.a(time.o)
                                        0x163 (size before relaxing)
 .debug_str     0x0000000000000797      0x564 net/libnet.a(net.o)
                                        0x767 (size before relaxing)
 .debug_str     0x0000000000000cfb       0xea net/libnet.a(tftp.o)
                                        0x2ba (size before relaxing)
 .debug_str     0x0000000000000de5       0xd0 net/libnet.a(eth.o)
                                        0x2c3 (size before relaxing)
 .debug_str     0x0000000000000eb5      0x50f drivers/libdrivers.a(rt2880_eth.o)
                                        0x76f (size before relaxing)
 .debug_str     0x00000000000013c4       0xb2 drivers/libdrivers.a(mii_mgr.o)
                                        0x201 (size before relaxing)
 .debug_str     0x0000000000001476      0x314 drivers/libdrivers.a(spi_rt6855A_flash.o)
                                        0x518 (size before relaxing)
 .debug_str     0x000000000000178a      0x149 common/libcommon.a(main.o)
                                        0x269 (size before relaxing)
 .debug_str     0x00000000000018d3       0x34 common/libcommon.a(cmd_boot.o)
                                        0x16b (size before relaxing)
 .debug_str     0x0000000000001907       0xf6 common/libcommon.a(cmd_bootm.o)
                                        0x275 (size before relaxing)
 .debug_str     0x00000000000019fd      0x25a common/libcommon.a(cmd_load.o)
                                        0x4d2 (size before relaxing)
 .debug_str     0x0000000000001c57       0x56 common/libcommon.a(cmd_net.o)
                                        0x23f (size before relaxing)
 .debug_str     0x0000000000001cad      0x14a common/libcommon.a(cmd_mem.o)
                                        0x2c0 (size before relaxing)
 .debug_str     0x0000000000001df7       0xbb common/libcommon.a(cmd_nvedit.o)
                                        0x33b (size before relaxing)
 .debug_str     0x0000000000001eb2       0x95 common/libcommon.a(command.o)
                                        0x232 (size before relaxing)
 .debug_str     0x0000000000001f47      0x18a common/libcommon.a(console.o)
                                        0x3c8 (size before relaxing)
 .debug_str     0x00000000000020d1       0x56 common/libcommon.a(devices.o)
                                        0x2ef (size before relaxing)
 .debug_str     0x0000000000002127      0x2eb common/libcommon.a(dlmalloc.o)
                                        0x525 (size before relaxing)
 .debug_str     0x0000000000002412       0x8c common/libcommon.a(env_common.o)
                                        0x266 (size before relaxing)
 .debug_str     0x000000000000249e       0x2b common/libcommon.a(exports.o)
                                        0x1e7 (size before relaxing)
 .debug_str     0x00000000000024c9      0x149 common/libcommon.a(lists.o)
                                        0x2a2 (size before relaxing)
 .debug_str     0x0000000000002612      0x575 common/libcommon.a(cmd_usb.o)
                                        0x860 (size before relaxing)
 .debug_str     0x0000000000002b87       0x77 common/libcommon.a(cmd_fat.o)
                                        0x293 (size before relaxing)
 .debug_str     0x0000000000002bfe       0x6e common/libcommon.a(env_spi.o)
                                        0x296 (size before relaxing)
 .debug_str     0x0000000000002c6c      0x553 common/libcommon.a(usb.o)
                                        0xb12 (size before relaxing)
 .debug_str     0x00000000000031bf      0x446 common/libcommon.a(usb_storage.o)
                                        0xa85 (size before relaxing)
 .debug_str     0x0000000000003605       0x8b lib_generic/libgeneric.a(crc32.o)
                                        0x138 (size before relaxing)
 .debug_str     0x0000000000003690        0x8 lib_generic/libgeneric.a(ctype.o)
                                         0x80 (size before relaxing)
 .debug_str     0x0000000000003698       0x2d lib_generic/libgeneric.a(display_options.o)
                                        0x126 (size before relaxing)
 .debug_str     0x00000000000036c5       0x47 lib_generic/libgeneric.a(string.o)
                                        0x156 (size before relaxing)
 .debug_str     0x000000000000370c       0x6f lib_generic/libgeneric.a(vsprintf.o)
                                        0x1b2 (size before relaxing)
 .debug_str     0x000000000000377b      0x28a lib_generic/libgeneric.a(LzmaDecode.o)
                                        0x3a0 (size before relaxing)
 .debug_str     0x0000000000003a05       0x86 board/rt2880/librt2880.a(rt2880.o)
                                        0x14c (size before relaxing)
 .debug_str     0x0000000000003a8b       0x61 board/rt2880/librt2880.a(serial.o)
                                        0x141 (size before relaxing)
 .debug_str     0x0000000000003aec       0xae cpu/ralink_soc/libralink_soc.a(cpu.o)
                                        0x1db (size before relaxing)
 .debug_str     0x0000000000003b9a       0xc7 lib_mips/libmips.a(mips_linux.o)
                                        0x3d6 (size before relaxing)
 .debug_str     0x0000000000003c61      0x3ad drivers/libdrivers.a(ehci-hcd.o)
                                        0x9e1 (size before relaxing)
 .debug_str     0x000000000000400e       0x45 drivers/libdrivers.a(ehci-ra.o)
                                        0x221 (size before relaxing)
 .debug_str     0x0000000000004053      0x50a fs/fat/libfat.a(fat.o)
                                        0x75e (size before relaxing)
 .debug_str     0x000000000000455d       0xb0 disk/libdisk.a(part.o)
                                        0x211 (size before relaxing)
 .debug_str     0x000000000000460d      0x153 disk/libdisk.a(part_dos.o)
                                        0x42e (size before relaxing)

.comment        0x0000000000000000      0x2f4
 .comment       0x0000000000000000       0x12 lib_mips/libmips.a(board.o)
 .comment       0x0000000000000012       0x12 lib_mips/libmips.a(time.o)
 .comment       0x0000000000000024       0x12 net/libnet.a(net.o)
 .comment       0x0000000000000036       0x12 net/libnet.a(tftp.o)
 .comment       0x0000000000000048       0x12 net/libnet.a(eth.o)
 .comment       0x000000000000005a       0x12 drivers/libdrivers.a(rt2880_eth.o)
 .comment       0x000000000000006c       0x12 drivers/libdrivers.a(mii_mgr.o)
 .comment       0x000000000000007e       0x12 drivers/libdrivers.a(spi_rt6855A_flash.o)
 .comment       0x0000000000000090       0x12 common/libcommon.a(main.o)
 .comment       0x00000000000000a2       0x12 common/libcommon.a(cmd_boot.o)
 .comment       0x00000000000000b4       0x12 common/libcommon.a(cmd_bootm.o)
 .comment       0x00000000000000c6       0x12 common/libcommon.a(cmd_load.o)
 .comment       0x00000000000000d8       0x12 common/libcommon.a(cmd_net.o)
 .comment       0x00000000000000ea       0x12 common/libcommon.a(cmd_mem.o)
 .comment       0x00000000000000fc       0x12 common/libcommon.a(cmd_nvedit.o)
 .comment       0x000000000000010e       0x12 common/libcommon.a(command.o)
 .comment       0x0000000000000120       0x12 common/libcommon.a(console.o)
 .comment       0x0000000000000132       0x12 common/libcommon.a(devices.o)
 .comment       0x0000000000000144       0x12 common/libcommon.a(dlmalloc.o)
 .comment       0x0000000000000156       0x12 common/libcommon.a(env_common.o)
 .comment       0x0000000000000168       0x12 common/libcommon.a(exports.o)
 .comment       0x000000000000017a       0x12 common/libcommon.a(lists.o)
 .comment       0x000000000000018c       0x12 common/libcommon.a(cmd_usb.o)
 .comment       0x000000000000019e       0x12 common/libcommon.a(cmd_fat.o)
 .comment       0x00000000000001b0       0x12 common/libcommon.a(env_spi.o)
 .comment       0x00000000000001c2       0x12 common/libcommon.a(usb.o)
 .comment       0x00000000000001d4       0x12 common/libcommon.a(usb_storage.o)
 .comment       0x00000000000001e6       0x12 lib_generic/libgeneric.a(crc32.o)
 .comment       0x00000000000001f8       0x12 lib_generic/libgeneric.a(ctype.o)
 .comment       0x000000000000020a       0x12 lib_generic/libgeneric.a(display_options.o)
 .comment       0x000000000000021c       0x12 lib_generic/libgeneric.a(string.o)
 .comment       0x000000000000022e       0x12 lib_generic/libgeneric.a(vsprintf.o)
 .comment       0x0000000000000240       0x12 lib_generic/libgeneric.a(LzmaDecode.o)
 .comment       0x0000000000000252       0x12 board/rt2880/librt2880.a(rt2880.o)
 .comment       0x0000000000000264       0x12 board/rt2880/librt2880.a(serial.o)
 .comment       0x0000000000000276       0x12 cpu/ralink_soc/libralink_soc.a(cpu.o)
 .comment       0x0000000000000288       0x12 lib_mips/libmips.a(mips_linux.o)
 .comment       0x000000000000029a       0x12 drivers/libdrivers.a(ehci-hcd.o)
 .comment       0x00000000000002ac       0x12 drivers/libdrivers.a(ehci-ra.o)
 .comment       0x00000000000002be       0x12 fs/fat/libfat.a(fat.o)
 .comment       0x00000000000002d0       0x12 disk/libdisk.a(part.o)
 .comment       0x00000000000002e2       0x12 disk/libdisk.a(part_dos.o)

.debug_abbrev.1
                0x0000000000000000      0x111
 .debug_abbrev  0x0000000000000000      0x111 lib_mips/libmips.a(time.o)

.debug_info.2   0x0000000000000000      0x1de
 .debug_info    0x0000000000000000      0x1de lib_mips/libmips.a(time.o)

.debug_line.3   0x0000000000000000       0xfa
 .debug_line    0x0000000000000000       0xfa lib_mips/libmips.a(time.o)

.debug_aranges.4
                0x0000000000000000       0x20
 .debug_aranges
                0x0000000000000000       0x20 lib_mips/libmips.a(time.o)

.debug_abbrev.5
                0x0000000000000000      0x334
 .debug_abbrev  0x0000000000000000      0x334 net/libnet.a(net.o)

.debug_info.6   0x0000000000000000     0x1372
 .debug_info    0x0000000000000000     0x1372 net/libnet.a(net.o)

.debug_line.7   0x0000000000000000      0x5f7
 .debug_line    0x0000000000000000      0x5f7 net/libnet.a(net.o)

.debug_aranges.8
                0x0000000000000000       0x20
 .debug_aranges
                0x0000000000000000       0x20 net/libnet.a(net.o)

.debug_abbrev.9
                0x0000000000000000      0x200
 .debug_abbrev  0x0000000000000000      0x200 net/libnet.a(tftp.o)

.debug_info.10  0x0000000000000000      0x57a
 .debug_info    0x0000000000000000      0x57a net/libnet.a(tftp.o)

.debug_line.11  0x0000000000000000      0x367
 .debug_line    0x0000000000000000      0x367 net/libnet.a(tftp.o)

.debug_aranges.12
                0x0000000000000000       0x20
 .debug_aranges
                0x0000000000000000       0x20 net/libnet.a(tftp.o)

.debug_abbrev.13
                0x0000000000000000      0x226
 .debug_abbrev  0x0000000000000000      0x226 net/libnet.a(eth.o)

.debug_info.14  0x0000000000000000      0x500
 .debug_info    0x0000000000000000      0x500 net/libnet.a(eth.o)

.debug_line.15  0x0000000000000000      0x196
 .debug_line    0x0000000000000000      0x196 net/libnet.a(eth.o)

.debug_aranges.16
                0x0000000000000000       0x20
 .debug_aranges
                0x0000000000000000       0x20 net/libnet.a(eth.o)

.debug_abbrev.17
                0x0000000000000000      0x2a2
 .debug_abbrev  0x0000000000000000      0x2a2 drivers/libdrivers.a(rt2880_eth.o)

.debug_info.18  0x0000000000000000      0xf78
 .debug_info    0x0000000000000000      0xf78 drivers/libdrivers.a(rt2880_eth.o)

.debug_line.19  0x0000000000000000      0x436
 .debug_line    0x0000000000000000      0x436 drivers/libdrivers.a(rt2880_eth.o)

.debug_aranges.20
                0x0000000000000000       0x20
 .debug_aranges
                0x0000000000000000       0x20 drivers/libdrivers.a(rt2880_eth.o)

.debug_abbrev.21
                0x0000000000000000      0x14c
 .debug_abbrev  0x0000000000000000      0x14c drivers/libdrivers.a(mii_mgr.o)

.debug_info.22  0x0000000000000000      0x38c
 .debug_info    0x0000000000000000      0x38c drivers/libdrivers.a(mii_mgr.o)

.debug_line.23  0x0000000000000000      0x1f2
 .debug_line    0x0000000000000000      0x1f2 drivers/libdrivers.a(mii_mgr.o)

.debug_aranges.24
                0x0000000000000000       0x20
 .debug_aranges
                0x0000000000000000       0x20 drivers/libdrivers.a(mii_mgr.o)

.debug_abbrev.25
                0x0000000000000000      0x2d4
 .debug_abbrev  0x0000000000000000      0x2d4 drivers/libdrivers.a(spi_rt6855A_flash.o)

.debug_info.26  0x0000000000000000     0x14ac
 .debug_info    0x0000000000000000     0x14ac drivers/libdrivers.a(spi_rt6855A_flash.o)

.debug_line.27  0x0000000000000000      0x6e7
 .debug_line    0x0000000000000000      0x6e7 drivers/libdrivers.a(spi_rt6855A_flash.o)

.debug_aranges.28
                0x0000000000000000       0x20
 .debug_aranges
                0x0000000000000000       0x20 drivers/libdrivers.a(spi_rt6855A_flash.o)

.debug_abbrev.29
                0x0000000000000000      0x213
 .debug_abbrev  0x0000000000000000      0x213 common/libcommon.a(main.o)

.debug_info.30  0x0000000000000000      0x4ff
 .debug_info    0x0000000000000000      0x4ff common/libcommon.a(main.o)

.debug_line.31  0x0000000000000000      0x1dd
 .debug_line    0x0000000000000000      0x1dd common/libcommon.a(main.o)

.debug_aranges.32
                0x0000000000000000       0x20
 .debug_aranges
                0x0000000000000000       0x20 common/libcommon.a(main.o)

.debug_abbrev.33
                0x0000000000000000       0xd9
 .debug_abbrev  0x0000000000000000       0xd9 common/libcommon.a(cmd_boot.o)

.debug_info.34  0x0000000000000000      0x1cc
 .debug_info    0x0000000000000000      0x1cc common/libcommon.a(cmd_boot.o)

.debug_line.35  0x0000000000000000      0x106
 .debug_line    0x0000000000000000      0x106 common/libcommon.a(cmd_boot.o)

.debug_aranges.36
                0x0000000000000000       0x20
 .debug_aranges
                0x0000000000000000       0x20 common/libcommon.a(cmd_boot.o)

.debug_abbrev.37
                0x0000000000000000      0x203
 .debug_abbrev  0x0000000000000000      0x203 common/libcommon.a(cmd_bootm.o)

.debug_info.38  0x0000000000000000      0x5b9
 .debug_info    0x0000000000000000      0x5b9 common/libcommon.a(cmd_bootm.o)

.debug_line.39  0x0000000000000000      0x330
 .debug_line    0x0000000000000000      0x330 common/libcommon.a(cmd_bootm.o)

.debug_aranges.40
                0x0000000000000000       0x20
 .debug_aranges
                0x0000000000000000       0x20 common/libcommon.a(cmd_bootm.o)

.debug_abbrev.41
                0x0000000000000000      0x241
 .debug_abbrev  0x0000000000000000      0x241 common/libcommon.a(cmd_load.o)

.debug_info.42  0x0000000000000000      0x97e
 .debug_info    0x0000000000000000      0x97e common/libcommon.a(cmd_load.o)

.debug_line.43  0x0000000000000000      0x335
 .debug_line    0x0000000000000000      0x335 common/libcommon.a(cmd_load.o)

.debug_aranges.44
                0x0000000000000000       0x20
 .debug_aranges
                0x0000000000000000       0x20 common/libcommon.a(cmd_load.o)

.debug_abbrev.45
                0x0000000000000000      0x191
 .debug_abbrev  0x0000000000000000      0x191 common/libcommon.a(cmd_net.o)

.debug_info.46  0x0000000000000000      0x3fb
 .debug_info    0x0000000000000000      0x3fb common/libcommon.a(cmd_net.o)

.debug_line.47  0x0000000000000000      0x1c2
 .debug_line    0x0000000000000000      0x1c2 common/libcommon.a(cmd_net.o)

.debug_aranges.48
                0x0000000000000000       0x20
 .debug_aranges
                0x0000000000000000       0x20 common/libcommon.a(cmd_net.o)

.debug_abbrev.49
                0x0000000000000000      0x20e
 .debug_abbrev  0x0000000000000000      0x20e common/libcommon.a(cmd_mem.o)

.debug_info.50  0x0000000000000000      0x748
 .debug_info    0x0000000000000000      0x748 common/libcommon.a(cmd_mem.o)

.debug_line.51  0x0000000000000000      0x297
 .debug_line    0x0000000000000000      0x297 common/libcommon.a(cmd_mem.o)

.debug_aranges.52
                0x0000000000000000       0x20
 .debug_aranges
                0x0000000000000000       0x20 common/libcommon.a(cmd_mem.o)

.debug_abbrev.53
                0x0000000000000000      0x252
 .debug_abbrev  0x0000000000000000      0x252 common/libcommon.a(cmd_nvedit.o)

.debug_info.54  0x0000000000000000      0x964
 .debug_info    0x0000000000000000      0x964 common/libcommon.a(cmd_nvedit.o)

.debug_line.55  0x0000000000000000      0x39e
 .debug_line    0x0000000000000000      0x39e common/libcommon.a(cmd_nvedit.o)

.debug_aranges.56
                0x0000000000000000       0x20
 .debug_aranges
                0x0000000000000000       0x20 common/libcommon.a(cmd_nvedit.o)

.debug_abbrev.57
                0x0000000000000000      0x1f2
 .debug_abbrev  0x0000000000000000      0x1f2 common/libcommon.a(command.o)

.debug_info.58  0x0000000000000000      0x44d
 .debug_info    0x0000000000000000      0x44d common/libcommon.a(command.o)

.debug_line.59  0x0000000000000000      0x1db
 .debug_line    0x0000000000000000      0x1db common/libcommon.a(command.o)

.debug_aranges.60
                0x0000000000000000       0x20
 .debug_aranges
                0x0000000000000000       0x20 common/libcommon.a(command.o)

.debug_abbrev.61
                0x0000000000000000      0x27b
 .debug_abbrev  0x0000000000000000      0x27b common/libcommon.a(console.o)

.debug_info.62  0x0000000000000000      0x94a
 .debug_info    0x0000000000000000      0x94a common/libcommon.a(console.o)

.debug_line.63  0x0000000000000000      0x2c2
 .debug_line    0x0000000000000000      0x2c2 common/libcommon.a(console.o)

.debug_aranges.64
                0x0000000000000000       0x20
 .debug_aranges
                0x0000000000000000       0x20 common/libcommon.a(console.o)

.debug_abbrev.65
                0x0000000000000000      0x1a8
 .debug_abbrev  0x0000000000000000      0x1a8 common/libcommon.a(devices.o)

.debug_info.66  0x0000000000000000      0x4f5
 .debug_info    0x0000000000000000      0x4f5 common/libcommon.a(devices.o)

.debug_line.67  0x0000000000000000      0x191
 .debug_line    0x0000000000000000      0x191 common/libcommon.a(devices.o)

.debug_aranges.68
                0x0000000000000000       0x20
 .debug_aranges
                0x0000000000000000       0x20 common/libcommon.a(devices.o)

.debug_abbrev.69
                0x0000000000000000      0x1de
 .debug_abbrev  0x0000000000000000      0x1de common/libcommon.a(dlmalloc.o)

.debug_info.70  0x0000000000000000      0xc2c
 .debug_info    0x0000000000000000      0xc2c common/libcommon.a(dlmalloc.o)

.debug_line.71  0x0000000000000000      0x3eb
 .debug_line    0x0000000000000000      0x3eb common/libcommon.a(dlmalloc.o)

.debug_aranges.72
                0x0000000000000000       0x20
 .debug_aranges
                0x0000000000000000       0x20 common/libcommon.a(dlmalloc.o)

.debug_abbrev.73
                0x0000000000000000      0x15f
 .debug_abbrev  0x0000000000000000      0x15f common/libcommon.a(env_common.o)

.debug_info.74  0x0000000000000000      0x383
 .debug_info    0x0000000000000000      0x383 common/libcommon.a(env_common.o)

.debug_line.75  0x0000000000000000      0x13d
 .debug_line    0x0000000000000000      0x13d common/libcommon.a(env_common.o)

.debug_aranges.76
                0x0000000000000000       0x20
 .debug_aranges
                0x0000000000000000       0x20 common/libcommon.a(env_common.o)

.debug_abbrev.77
                0x0000000000000000       0xe6
 .debug_abbrev  0x0000000000000000       0xe6 common/libcommon.a(exports.o)

.debug_info.78  0x0000000000000000      0x23f
 .debug_info    0x0000000000000000      0x23f common/libcommon.a(exports.o)

.debug_line.79  0x0000000000000000       0xb3
 .debug_line    0x0000000000000000       0xb3 common/libcommon.a(exports.o)

.debug_aranges.80
                0x0000000000000000       0x20
 .debug_aranges
                0x0000000000000000       0x20 common/libcommon.a(exports.o)

.debug_abbrev.81
                0x0000000000000000      0x183
 .debug_abbrev  0x0000000000000000      0x183 common/libcommon.a(lists.o)

.debug_info.82  0x0000000000000000      0x421
 .debug_info    0x0000000000000000      0x421 common/libcommon.a(lists.o)

.debug_line.83  0x0000000000000000      0x11b
 .debug_line    0x0000000000000000      0x11b common/libcommon.a(lists.o)

.debug_aranges.84
                0x0000000000000000       0x20
 .debug_aranges
                0x0000000000000000       0x20 common/libcommon.a(lists.o)

.debug_abbrev.85
                0x0000000000000000      0x2b2
 .debug_abbrev  0x0000000000000000      0x2b2 common/libcommon.a(cmd_usb.o)

.debug_info.86  0x0000000000000000     0x138e
 .debug_info    0x0000000000000000     0x138e common/libcommon.a(cmd_usb.o)

.debug_line.87  0x0000000000000000      0x59c
 .debug_line    0x0000000000000000      0x59c common/libcommon.a(cmd_usb.o)

.debug_aranges.88
                0x0000000000000000       0x20
 .debug_aranges
                0x0000000000000000       0x20 common/libcommon.a(cmd_usb.o)

.debug_abbrev.89
                0x0000000000000000      0x172
 .debug_abbrev  0x0000000000000000      0x172 common/libcommon.a(cmd_fat.o)

.debug_info.90  0x0000000000000000      0x57f
 .debug_info    0x0000000000000000      0x57f common/libcommon.a(cmd_fat.o)

.debug_line.91  0x0000000000000000      0x1f6
 .debug_line    0x0000000000000000      0x1f6 common/libcommon.a(cmd_fat.o)

.debug_aranges.92
                0x0000000000000000       0x20
 .debug_aranges
                0x0000000000000000       0x20 common/libcommon.a(cmd_fat.o)

.debug_abbrev.93
                0x0000000000000000      0x131
 .debug_abbrev  0x0000000000000000      0x131 common/libcommon.a(env_spi.o)

.debug_info.94  0x0000000000000000      0x3b2
 .debug_info    0x0000000000000000      0x3b2 common/libcommon.a(env_spi.o)

.debug_line.95  0x0000000000000000      0x1a5
 .debug_line    0x0000000000000000      0x1a5 common/libcommon.a(env_spi.o)

.debug_aranges.96
                0x0000000000000000       0x20
 .debug_aranges
                0x0000000000000000       0x20 common/libcommon.a(env_spi.o)

.debug_abbrev.97
                0x0000000000000000      0x3e5
 .debug_abbrev  0x0000000000000000      0x3e5 common/libcommon.a(usb.o)

.debug_info.98  0x0000000000000000     0x1ad3
 .debug_info    0x0000000000000000     0x1ad3 common/libcommon.a(usb.o)

.debug_line.99  0x0000000000000000      0x67a
 .debug_line    0x0000000000000000      0x67a common/libcommon.a(usb.o)

.debug_aranges.100
                0x0000000000000000       0x20
 .debug_aranges
                0x0000000000000000       0x20 common/libcommon.a(usb.o)

.debug_abbrev.101
                0x0000000000000000      0x2be
 .debug_abbrev  0x0000000000000000      0x2be common/libcommon.a(usb_storage.o)

.debug_info.102
                0x0000000000000000     0x166a
 .debug_info    0x0000000000000000     0x166a common/libcommon.a(usb_storage.o)

.debug_line.103
                0x0000000000000000      0x57b
 .debug_line    0x0000000000000000      0x57b common/libcommon.a(usb_storage.o)

.debug_aranges.104
                0x0000000000000000       0x20
 .debug_aranges
                0x0000000000000000       0x20 common/libcommon.a(usb_storage.o)

.debug_abbrev.105
                0x0000000000000000       0xdb
 .debug_abbrev  0x0000000000000000       0xdb lib_generic/libgeneric.a(crc32.o)

.debug_info.106
                0x0000000000000000      0x1dc
 .debug_info    0x0000000000000000      0x1dc lib_generic/libgeneric.a(crc32.o)

.debug_line.107
                0x0000000000000000       0xae
 .debug_line    0x0000000000000000       0xae lib_generic/libgeneric.a(crc32.o)

.debug_aranges.108
                0x0000000000000000       0x20
 .debug_aranges
                0x0000000000000000       0x20 lib_generic/libgeneric.a(crc32.o)

.debug_abbrev.109
                0x0000000000000000       0x42
 .debug_abbrev  0x0000000000000000       0x42 lib_generic/libgeneric.a(ctype.o)

.debug_info.110
                0x0000000000000000       0x56
 .debug_info    0x0000000000000000       0x56 lib_generic/libgeneric.a(ctype.o)

.debug_line.111
                0x0000000000000000       0x28
 .debug_line    0x0000000000000000       0x28 lib_generic/libgeneric.a(ctype.o)

.debug_abbrev.112
                0x0000000000000000       0xc4
 .debug_abbrev  0x0000000000000000       0xc4 lib_generic/libgeneric.a(display_options.o)

.debug_info.113
                0x0000000000000000      0x123
 .debug_info    0x0000000000000000      0x123 lib_generic/libgeneric.a(display_options.o)

.debug_line.114
                0x0000000000000000       0xbb
 .debug_line    0x0000000000000000       0xbb lib_generic/libgeneric.a(display_options.o)

.debug_aranges.115
                0x0000000000000000       0x20
 .debug_aranges
                0x0000000000000000       0x20 lib_generic/libgeneric.a(display_options.o)

.debug_abbrev.116
                0x0000000000000000      0x101
 .debug_abbrev  0x0000000000000000      0x101 lib_generic/libgeneric.a(string.o)

.debug_info.117
                0x0000000000000000      0x361
 .debug_info    0x0000000000000000      0x361 lib_generic/libgeneric.a(string.o)

.debug_line.118
                0x0000000000000000      0x137
 .debug_line    0x0000000000000000      0x137 lib_generic/libgeneric.a(string.o)

.debug_aranges.119
                0x0000000000000000       0x20
 .debug_aranges
                0x0000000000000000       0x20 lib_generic/libgeneric.a(string.o)

.debug_abbrev.120
                0x0000000000000000      0x189
 .debug_abbrev  0x0000000000000000      0x189 lib_generic/libgeneric.a(vsprintf.o)

.debug_info.121
                0x0000000000000000      0x3e4
 .debug_info    0x0000000000000000      0x3e4 lib_generic/libgeneric.a(vsprintf.o)

.debug_line.122
                0x0000000000000000      0x205
 .debug_line    0x0000000000000000      0x205 lib_generic/libgeneric.a(vsprintf.o)

.debug_aranges.123
                0x0000000000000000       0x20
 .debug_aranges
                0x0000000000000000       0x20 lib_generic/libgeneric.a(vsprintf.o)

.debug_abbrev.124
                0x0000000000000000      0x17d
 .debug_abbrev  0x0000000000000000      0x17d lib_generic/libgeneric.a(LzmaDecode.o)

.debug_info.125
                0x0000000000000000      0x756
 .debug_info    0x0000000000000000      0x756 lib_generic/libgeneric.a(LzmaDecode.o)

.debug_line.126
                0x0000000000000000      0x21a
 .debug_line    0x0000000000000000      0x21a lib_generic/libgeneric.a(LzmaDecode.o)

.debug_aranges.127
                0x0000000000000000       0x20
 .debug_aranges
                0x0000000000000000       0x20 lib_generic/libgeneric.a(LzmaDecode.o)

.debug_abbrev.128
                0x0000000000000000       0xc9
 .debug_abbrev  0x0000000000000000       0xc9 board/rt2880/librt2880.a(rt2880.o)

.debug_info.129
                0x0000000000000000      0x190
 .debug_info    0x0000000000000000      0x190 board/rt2880/librt2880.a(rt2880.o)

.debug_line.130
                0x0000000000000000       0xd5
 .debug_line    0x0000000000000000       0xd5 board/rt2880/librt2880.a(rt2880.o)

.debug_aranges.131
                0x0000000000000000       0x20
 .debug_aranges
                0x0000000000000000       0x20 board/rt2880/librt2880.a(rt2880.o)

.debug_abbrev.132
                0x0000000000000000       0xe3
 .debug_abbrev  0x0000000000000000       0xe3 board/rt2880/librt2880.a(serial.o)

.debug_info.133
                0x0000000000000000      0x171
 .debug_info    0x0000000000000000      0x171 board/rt2880/librt2880.a(serial.o)

.debug_line.134
                0x0000000000000000       0xcc
 .debug_line    0x0000000000000000       0xcc board/rt2880/librt2880.a(serial.o)

.debug_aranges.135
                0x0000000000000000       0x20
 .debug_aranges
                0x0000000000000000       0x20 board/rt2880/librt2880.a(serial.o)

.debug_abbrev.136
                0x0000000000000000      0x14e
 .debug_abbrev  0x0000000000000000      0x14e cpu/ralink_soc/libralink_soc.a(cpu.o)

.debug_info.137
                0x0000000000000000      0x40a
 .debug_info    0x0000000000000000      0x40a cpu/ralink_soc/libralink_soc.a(cpu.o)

.debug_line.138
                0x0000000000000000      0x10e
 .debug_line    0x0000000000000000      0x10e cpu/ralink_soc/libralink_soc.a(cpu.o)

.debug_aranges.139
                0x0000000000000000       0x20
 .debug_aranges
                0x0000000000000000       0x20 cpu/ralink_soc/libralink_soc.a(cpu.o)

.debug_abbrev.140
                0x0000000000000000      0x1ee
 .debug_abbrev  0x0000000000000000      0x1ee lib_mips/libmips.a(mips_linux.o)

.debug_info.141
                0x0000000000000000      0x7c5
 .debug_info    0x0000000000000000      0x7c5 lib_mips/libmips.a(mips_linux.o)

.debug_line.142
                0x0000000000000000      0x366
 .debug_line    0x0000000000000000      0x366 lib_mips/libmips.a(mips_linux.o)

.debug_aranges.143
                0x0000000000000000       0x20
 .debug_aranges
                0x0000000000000000       0x20 lib_mips/libmips.a(mips_linux.o)

.debug_abbrev.144
                0x0000000000000000      0x31f
 .debug_abbrev  0x0000000000000000      0x31f drivers/libdrivers.a(ehci-hcd.o)

.debug_info.145
                0x0000000000000000     0x15ac
 .debug_info    0x0000000000000000     0x15ac drivers/libdrivers.a(ehci-hcd.o)

.debug_line.146
                0x0000000000000000      0x53b
 .debug_line    0x0000000000000000      0x53b drivers/libdrivers.a(ehci-hcd.o)

.debug_aranges.147
                0x0000000000000000       0x20
 .debug_aranges
                0x0000000000000000       0x20 drivers/libdrivers.a(ehci-hcd.o)

.debug_abbrev.148
                0x0000000000000000      0x149
 .debug_abbrev  0x0000000000000000      0x149 drivers/libdrivers.a(ehci-ra.o)

.debug_info.149
                0x0000000000000000      0x2c9
 .debug_info    0x0000000000000000      0x2c9 drivers/libdrivers.a(ehci-ra.o)

.debug_line.150
                0x0000000000000000      0x123
 .debug_line    0x0000000000000000      0x123 drivers/libdrivers.a(ehci-ra.o)

.debug_aranges.151
                0x0000000000000000       0x20
 .debug_aranges
                0x0000000000000000       0x20 drivers/libdrivers.a(ehci-ra.o)

.debug_abbrev.152
                0x0000000000000000      0x2c8
 .debug_abbrev  0x0000000000000000      0x2c8 fs/fat/libfat.a(fat.o)

.debug_info.153
                0x0000000000000000     0x1526
 .debug_info    0x0000000000000000     0x1526 fs/fat/libfat.a(fat.o)

.debug_line.154
                0x0000000000000000      0x493
 .debug_line    0x0000000000000000      0x493 fs/fat/libfat.a(fat.o)

.debug_aranges.155
                0x0000000000000000       0x20
 .debug_aranges
                0x0000000000000000       0x20 fs/fat/libfat.a(fat.o)

.debug_abbrev.156
                0x0000000000000000      0x14e
 .debug_abbrev  0x0000000000000000      0x14e disk/libdisk.a(part.o)

.debug_info.157
                0x0000000000000000      0x3b3
 .debug_info    0x0000000000000000      0x3b3 disk/libdisk.a(part.o)

.debug_line.158
                0x0000000000000000      0x16c
 .debug_line    0x0000000000000000      0x16c disk/libdisk.a(part.o)

.debug_aranges.159
                0x0000000000000000       0x20
 .debug_aranges
                0x0000000000000000       0x20 disk/libdisk.a(part.o)

.debug_abbrev.160
                0x0000000000000000      0x218
 .debug_abbrev  0x0000000000000000      0x218 disk/libdisk.a(part_dos.o)

.debug_info.161
                0x0000000000000000      0x97d
 .debug_info    0x0000000000000000      0x97d disk/libdisk.a(part_dos.o)

.debug_line.162
                0x0000000000000000      0x2a8
 .debug_line    0x0000000000000000      0x2a8 disk/libdisk.a(part_dos.o)

.debug_aranges.163
                0x0000000000000000       0x20
 .debug_aranges
                0x0000000000000000       0x20 disk/libdisk.a(part_dos.o)
